Archive member included to satisfy reference by file (symbol)

/Applications/ArmGNUToolchain/13.2.Rel1/arm-none-eabi/bin/../lib/gcc/arm-none-eabi/13.2.1/thumb/v6-m/nofp/libgcc.a(_dvmd_tls.o)
                              CMakeFiles/project.dir/Users/heinrich/Downloads/Pico/pico-sdk/src/rp2_common/pico_divider/divider.S.obj (__aeabi_idiv0)
/Applications/ArmGNUToolchain/13.2.Rel1/arm-none-eabi/bin/../lib/gcc/arm-none-eabi/13.2.1/../../../../arm-none-eabi/lib/thumb/v6-m/nofp/libg.a(libc_a-calloc.o)
                              CMakeFiles/project.dir/Users/heinrich/Downloads/Pico/pico-sdk/src/rp2_common/pico_malloc/pico_malloc.c.obj (calloc)
/Applications/ArmGNUToolchain/13.2.Rel1/arm-none-eabi/bin/../lib/gcc/arm-none-eabi/13.2.1/../../../../arm-none-eabi/lib/thumb/v6-m/nofp/libg.a(libc_a-callocr.o)
                              /Applications/ArmGNUToolchain/13.2.Rel1/arm-none-eabi/bin/../lib/gcc/arm-none-eabi/13.2.1/../../../../arm-none-eabi/lib/thumb/v6-m/nofp/libg.a(libc_a-calloc.o) (_calloc_r)
/Applications/ArmGNUToolchain/13.2.Rel1/arm-none-eabi/bin/../lib/gcc/arm-none-eabi/13.2.1/../../../../arm-none-eabi/lib/thumb/v6-m/nofp/libg.a(libc_a-malloc.o)
                              CMakeFiles/project.dir/Users/heinrich/Downloads/Pico/pico-sdk/src/rp2_common/pico_malloc/pico_malloc.c.obj (malloc)
/Applications/ArmGNUToolchain/13.2.Rel1/arm-none-eabi/bin/../lib/gcc/arm-none-eabi/13.2.1/../../../../arm-none-eabi/lib/thumb/v6-m/nofp/libg.a(libc_a-mallocr.o)
                              /Applications/ArmGNUToolchain/13.2.Rel1/arm-none-eabi/bin/../lib/gcc/arm-none-eabi/13.2.1/../../../../arm-none-eabi/lib/thumb/v6-m/nofp/libg.a(libc_a-callocr.o) (_malloc_r)
/Applications/ArmGNUToolchain/13.2.Rel1/arm-none-eabi/bin/../lib/gcc/arm-none-eabi/13.2.1/../../../../arm-none-eabi/lib/thumb/v6-m/nofp/libg.a(libc_a-mlock.o)
                              /Applications/ArmGNUToolchain/13.2.Rel1/arm-none-eabi/bin/../lib/gcc/arm-none-eabi/13.2.1/../../../../arm-none-eabi/lib/thumb/v6-m/nofp/libg.a(libc_a-mallocr.o) (__malloc_lock)
/Applications/ArmGNUToolchain/13.2.Rel1/arm-none-eabi/bin/../lib/gcc/arm-none-eabi/13.2.1/../../../../arm-none-eabi/lib/thumb/v6-m/nofp/libg.a(libc_a-realloc.o)
                              CMakeFiles/project.dir/Users/heinrich/Downloads/Pico/pico-sdk/src/rp2_common/pico_malloc/pico_malloc.c.obj (realloc)
/Applications/ArmGNUToolchain/13.2.Rel1/arm-none-eabi/bin/../lib/gcc/arm-none-eabi/13.2.1/../../../../arm-none-eabi/lib/thumb/v6-m/nofp/libg.a(libc_a-reallocr.o)
                              /Applications/ArmGNUToolchain/13.2.Rel1/arm-none-eabi/bin/../lib/gcc/arm-none-eabi/13.2.1/../../../../arm-none-eabi/lib/thumb/v6-m/nofp/libg.a(libc_a-realloc.o) (_realloc_r)
/Applications/ArmGNUToolchain/13.2.Rel1/arm-none-eabi/bin/../lib/gcc/arm-none-eabi/13.2.1/../../../../arm-none-eabi/lib/thumb/v6-m/nofp/libg.a(libc_a-memmove.o)
                              /Applications/ArmGNUToolchain/13.2.Rel1/arm-none-eabi/bin/../lib/gcc/arm-none-eabi/13.2.1/../../../../arm-none-eabi/lib/thumb/v6-m/nofp/libg.a(libc_a-reallocr.o) (memmove)
/Applications/ArmGNUToolchain/13.2.Rel1/arm-none-eabi/bin/../lib/gcc/arm-none-eabi/13.2.1/../../../../arm-none-eabi/lib/thumb/v6-m/nofp/libg.a(libc_a-impure.o)
                              /Applications/ArmGNUToolchain/13.2.Rel1/arm-none-eabi/bin/../lib/gcc/arm-none-eabi/13.2.1/../../../../arm-none-eabi/lib/thumb/v6-m/nofp/libg.a(libc_a-calloc.o) (_impure_ptr)
/Applications/ArmGNUToolchain/13.2.Rel1/arm-none-eabi/bin/../lib/gcc/arm-none-eabi/13.2.1/../../../../arm-none-eabi/lib/thumb/v6-m/nofp/libg.a(libc_a-sbrkr.o)
                              /Applications/ArmGNUToolchain/13.2.Rel1/arm-none-eabi/bin/../lib/gcc/arm-none-eabi/13.2.1/../../../../arm-none-eabi/lib/thumb/v6-m/nofp/libg.a(libc_a-mallocr.o) (_sbrk_r)
/Applications/ArmGNUToolchain/13.2.Rel1/arm-none-eabi/bin/../lib/gcc/arm-none-eabi/13.2.1/../../../../arm-none-eabi/lib/thumb/v6-m/nofp/libg.a(libc_a-errno.o)
                              /Applications/ArmGNUToolchain/13.2.Rel1/arm-none-eabi/bin/../lib/gcc/arm-none-eabi/13.2.1/../../../../arm-none-eabi/lib/thumb/v6-m/nofp/libg.a(libc_a-callocr.o) (__errno)
/Applications/ArmGNUToolchain/13.2.Rel1/arm-none-eabi/bin/../lib/gcc/arm-none-eabi/13.2.1/../../../../arm-none-eabi/lib/thumb/v6-m/nofp/libg.a(libc_a-sysconf.o)
                              /Applications/ArmGNUToolchain/13.2.Rel1/arm-none-eabi/bin/../lib/gcc/arm-none-eabi/13.2.1/../../../../arm-none-eabi/lib/thumb/v6-m/nofp/libg.a(libc_a-mallocr.o) (sysconf)
/Applications/ArmGNUToolchain/13.2.Rel1/arm-none-eabi/bin/../lib/gcc/arm-none-eabi/13.2.1/../../../../arm-none-eabi/lib/thumb/v6-m/nofp/libg.a(libc_a-init.o)
                              /Applications/ArmGNUToolchain/13.2.Rel1/arm-none-eabi/bin/../lib/gcc/arm-none-eabi/13.2.1/../../../../arm-none-eabi/lib/thumb/v6-m/nofp/crt0.o (__libc_init_array)
[...]
Memory Configuration

Name             Origin             Length             Attributes
FLASH            0x10000000         0x00200000         xr
RAM              0x20000000         0x00040000         xrw
SCRATCH_X        0x20040000         0x00001000         xrw
SCRATCH_Y        0x20041000         0x00001000         xrw
*default*        0x00000000         0xffffffff

Linker script and memory map

LOAD /Applications/ArmGNUToolchain/13.2.Rel1/arm-none-eabi/bin/../lib/gcc/arm-none-eabi/13.2.1/thumb/v6-m/nofp/crti.o
LOAD /Applications/ArmGNUToolchain/13.2.Rel1/arm-none-eabi/bin/../lib/gcc/arm-none-eabi/13.2.1/thumb/v6-m/nofp/crtbegin.o
LOAD /Applications/ArmGNUToolchain/13.2.Rel1/arm-none-eabi/bin/../lib/gcc/arm-none-eabi/13.2.1/../../../../arm-none-eabi/lib/thumb/v6-m/nofp/crt0.o

.flash_begin    0x10000000        0x0
                0x10000000                        __flash_binary_start = .

.boot2          0x10000000      0x100
                0x10000000                        __boot2_start__ = .
 *(.boot2)
 .boot2         0x10000000      0x100 /var/folders/j_/0zd3dmmd20z5vb87vvryt67h0000gn/T//ccwDm9lL.o
                0x10000100                        __boot2_end__ = .
                0x00000001                        ASSERT (((__boot2_end__ - __boot2_start__) == 0x100), ERROR: Pico second stage bootloader must be 256 bytes in size)

.text           0x10000100     0x6ff8
                0x10000100                        __logical_binary_start = .
 *(.vectors)
 .vectors       0x10000100       0xd4 CMakeFiles/project.dir/Users/heinrich/Downloads/Pico/pico-sdk/src/rp2_common/pico_standard_link/crt0.S.obj
                0x10000100                __VECTOR_TABLE
                0x10000100                __vectors
                0x100001c0                __default_isrs_start
                0x100001c0                isr_invalid
                0x100001c2                isr_nmi
                0x100001c4                isr_hardfault
                0x100001c6                isr_svcall
                0x100001c8                isr_pendsv
                0x100001ca                isr_systick
                0x100001cc                isr_irq28
                0x100001cc                isr_irq19
                0x100001cc                isr_irq0
                0x100001cc                isr_irq6
                0x100001cc                isr_irq22
                0x100001cc                isr_irq17
                0x100001cc                isr_irq14
                0x100001cc                isr_irq2
                0x100001cc                isr_irq10
                0x100001cc                isr_irq8
                0x100001cc                isr_irq24
                0x100001cc                isr_irq1
                0x100001cc                isr_irq7
                0x100001cc                isr_irq21
                0x100001cc                isr_irq20
                0x100001cc                isr_irq15
                0x100001cc                isr_irq25
                0x100001cc                isr_irq4
                0x100001cc                isr_irq16
                0x100001cc                isr_irq29
                0x100001cc                isr_irq26
                0x100001cc                __default_isrs_end
                0x100001cc                isr_irq3
                0x100001cc                isr_irq9
                0x100001cc                __unhandled_user_irq
                0x100001cc                isr_irq13
                0x100001cc                isr_irq27
                0x100001cc                isr_irq31
                0x100001cc                isr_irq5
                0x100001cc                isr_irq11
                0x100001cc                isr_irq23
                0x100001cc                isr_irq18
                0x100001cc                isr_irq30
                0x100001cc                isr_irq12
                0x100001d2                unhandled_user_irq_num_in_r0
 *(.binary_info_header)
 .binary_info_header
                0x100001d4       0x14 CMakeFiles/project.dir/Users/heinrich/Downloads/Pico/pico-sdk/src/rp2_common/pico_standard_link/crt0.S.obj
                0x100001e8                        __binary_info_header_end = .
 *(.reset)
 .reset         0x100001e8       0xa0 CMakeFiles/project.dir/Users/heinrich/Downloads/Pico/pico-sdk/src/rp2_common/pico_standard_link/crt0.S.obj
                0x100001e8                _entry_point
 .reset         0x10000288       0x30 CMakeFiles/project.dir/Users/heinrich/Downloads/Pico/pico-sdk/src/rp2_common/pico_standard_link/binary_info.c.obj
 *(.init)
 .init          0x100002b8        0x4 /Applications/ArmGNUToolchain/13.2.Rel1/arm-none-eabi/bin/../lib/gcc/arm-none-eabi/13.2.1/thumb/v6-m/nofp/crti.o
                0x100002b8                _init
 *(EXCLUDE_FILE(*libm.a: *libc.a:*lib_a-mem*.o *libgcc.a:) .text*)
 .text.register_tm_clones
                0x100002bc       0x28 /Applications/ArmGNUToolchain/13.2.Rel1/arm-none-eabi/bin/../lib/gcc/arm-none-eabi/13.2.1/thumb/v6-m/nofp/crtbegin.o
 .text.frame_dummy
                0x100002e4       0x24 /Applications/ArmGNUToolchain/13.2.Rel1/arm-none-eabi/bin/../lib/gcc/arm-none-eabi/13.2.1/thumb/v6-m/nofp/crtbegin.o
 .text.chip_init
                0x10000308       0x28 CMakeFiles/project.dir/i2c_led.c.obj
                0x10000308                chip_init
 .text.set      0x10000330       0x28 CMakeFiles/project.dir/i2c_led.c.obj
                0x10000330                set
 .text.read     0x10000358       0x40 CMakeFiles/project.dir/i2c_led.c.obj
                0x10000358                read
 .text.main     0x10000398       0x80 CMakeFiles/project.dir/i2c_led.c.obj
                0x10000398                main
 .text.gpio_set_function
                0x10000418       0x30 CMakeFiles/project.dir/Users/heinrich/Downloads/Pico/pico-sdk/src/rp2_common/hardware_gpio/gpio.c.obj
                0x10000418                gpio_set_function
 .text.gpio_set_pulls
                0x10000448       0x34 CMakeFiles/project.dir/Users/heinrich/Downloads/Pico/pico-sdk/src/rp2_common/hardware_gpio/gpio.c.obj
                0x10000448                gpio_set_pulls
 .text.gpio_init
                0x1000047c       0x16 CMakeFiles/project.dir/Users/heinrich/Downloads/Pico/pico-sdk/src/rp2_common/hardware_gpio/gpio.c.obj
                0x1000047c                gpio_init
 *fill*         0x10000492        0x2 
 .text.running_on_fpga
                0x10000494       0x14 CMakeFiles/project.dir/Users/heinrich/Downloads/Pico/pico-sdk/src/rp2_common/pico_platform/platform.c.obj
                0x10000494                running_on_fpga
 .text.hw_claim_lock
                0x100004a8       0x18 CMakeFiles/project.dir/Users/heinrich/Downloads/Pico/pico-sdk/src/rp2_common/hardware_claim/claim.c.obj
                0x100004a8                hw_claim_lock
 .text.hw_claim_unlock
                0x100004c0       0x14 CMakeFiles/project.dir/Users/heinrich/Downloads/Pico/pico-sdk/src/rp2_common/hardware_claim/claim.c.obj
                0x100004c0                hw_claim_unlock
 .text.hw_claim_or_assert
                0x100004d4       0x32 CMakeFiles/project.dir/Users/heinrich/Downloads/Pico/pico-sdk/src/rp2_common/hardware_claim/claim.c.obj
                0x100004d4                hw_claim_or_assert
 .text.hw_claim_unused_from_range
                0x10000506       0x50 CMakeFiles/project.dir/Users/heinrich/Downloads/Pico/pico-sdk/src/rp2_common/hardware_claim/claim.c.obj
                0x10000506                hw_claim_unused_from_range
 *fill*         0x10000556        0x2 
 .text.spin_locks_reset
                0x10000558       0x20 CMakeFiles/project.dir/Users/heinrich/Downloads/Pico/pico-sdk/src/rp2_common/hardware_sync/sync.c.obj
                0x10000558                spin_locks_reset
 .text.next_striped_spin_lock_num
                0x10000578       0x1c CMakeFiles/project.dir/Users/heinrich/Downloads/Pico/pico-sdk/src/rp2_common/hardware_sync/sync.c.obj
                0x10000578                next_striped_spin_lock_num
 .text.spin_lock_claim_unused
                0x10000594       0x24 CMakeFiles/project.dir/Users/heinrich/Downloads/Pico/pico-sdk/src/rp2_common/hardware_sync/sync.c.obj
                0x10000594                spin_lock_claim_unused
 .text.set_raw_irq_handler_and_unlock
                0x100005b8       0x28 CMakeFiles/project.dir/Users/heinrich/Downloads/Pico/pico-sdk/src/rp2_common/hardware_irq/irq.c.obj
 .text.resolve_branch
                0x100005e0       0x30 CMakeFiles/project.dir/Users/heinrich/Downloads/Pico/pico-sdk/src/rp2_common/hardware_irq/irq.c.obj
 .text.make_branch
                0x10000610       0x48 CMakeFiles/project.dir/Users/heinrich/Downloads/Pico/pico-sdk/src/rp2_common/hardware_irq/irq.c.obj
 .text.insert_branch_and_link
                0x10000658       0x40 CMakeFiles/project.dir/Users/heinrich/Downloads/Pico/pico-sdk/src/rp2_common/hardware_irq/irq.c.obj
 .text.irq_is_enabled
                0x10000698       0x18 CMakeFiles/project.dir/Users/heinrich/Downloads/Pico/pico-sdk/src/rp2_common/hardware_irq/irq.c.obj
                0x10000698                irq_is_enabled
 .text.irq_set_mask_enabled
                0x100006b0       0x20 CMakeFiles/project.dir/Users/heinrich/Downloads/Pico/pico-sdk/src/rp2_common/hardware_irq/irq.c.obj
                0x100006b0                irq_set_mask_enabled
 .text.irq_set_enabled
                0x100006d0        0xe CMakeFiles/project.dir/Users/heinrich/Downloads/Pico/pico-sdk/src/rp2_common/hardware_irq/irq.c.obj
                0x100006d0                irq_set_enabled
 *fill*         0x100006de        0x2 
 .text.irq_set_pending
                0x100006e0       0x10 CMakeFiles/project.dir/Users/heinrich/Downloads/Pico/pico-sdk/src/rp2_common/hardware_irq/irq.c.obj
                0x100006e0                irq_set_pending
 .text.irq_get_vtable_handler
                0x100006f0       0x10 CMakeFiles/project.dir/Users/heinrich/Downloads/Pico/pico-sdk/src/rp2_common/hardware_irq/irq.c.obj
                0x100006f0                irq_get_vtable_handler
 .text.irq_has_shared_handler
                0x10000700       0x24 CMakeFiles/project.dir/Users/heinrich/Downloads/Pico/pico-sdk/src/rp2_common/hardware_irq/irq.c.obj
                0x10000700                irq_has_shared_handler
 .text.irq_set_exclusive_handler
                0x10000724       0x54 CMakeFiles/project.dir/Users/heinrich/Downloads/Pico/pico-sdk/src/rp2_common/hardware_irq/irq.c.obj
                0x10000724                irq_set_exclusive_handler
 .text.irq_add_shared_handler
                0x10000778      0x210 CMakeFiles/project.dir/Users/heinrich/Downloads/Pico/pico-sdk/src/rp2_common/hardware_irq/irq.c.obj
                0x10000778                irq_add_shared_handler
 .text.irq_remove_handler
                0x10000988      0x188 CMakeFiles/project.dir/Users/heinrich/Downloads/Pico/pico-sdk/src/rp2_common/hardware_irq/irq.c.obj
                0x10000988                irq_remove_handler
 .text.irq_add_tail_to_free_list
                0x10000b10       0xf0 CMakeFiles/project.dir/Users/heinrich/Downloads/Pico/pico-sdk/src/rp2_common/hardware_irq/irq.c.obj
                0x10000b10                irq_add_tail_to_free_list
 .text.irq_init_priorities
                0x10000c00       0x1c CMakeFiles/project.dir/Users/heinrich/Downloads/Pico/pico-sdk/src/rp2_common/hardware_irq/irq.c.obj
                0x10000c00                irq_init_priorities
 .text.user_irq_claim_unused
                0x10000c1c       0x2c CMakeFiles/project.dir/Users/heinrich/Downloads/Pico/pico-sdk/src/rp2_common/hardware_irq/irq.c.obj
                0x10000c1c                user_irq_claim_unused
 .text.lock_init
                0x10000c48       0x10 CMakeFiles/project.dir/Users/heinrich/Downloads/Pico/pico-sdk/src/common/pico_sync/lock_core.c.obj
                0x10000c48                lock_init
 .text.update_us_since_boot
                0x10000c58       0x24 CMakeFiles/project.dir/Users/heinrich/Downloads/Pico/pico-sdk/src/common/pico_sync/mutex.c.obj
 .text.delayed_by_ms
                0x10000c7c       0x44 CMakeFiles/project.dir/Users/heinrich/Downloads/Pico/pico-sdk/src/common/pico_sync/mutex.c.obj
 .text.get_absolute_time
                0x10000cc0       0x22 CMakeFiles/project.dir/Users/heinrich/Downloads/Pico/pico-sdk/src/common/pico_sync/mutex.c.obj
 .text.make_timeout_time_ms
                0x10000ce2       0x20 CMakeFiles/project.dir/Users/heinrich/Downloads/Pico/pico-sdk/src/common/pico_sync/mutex.c.obj
 .text.mutex_init
                0x10000d02       0x1a CMakeFiles/project.dir/Users/heinrich/Downloads/Pico/pico-sdk/src/common/pico_sync/mutex.c.obj
                0x10000d02                mutex_init
 .text.recursive_mutex_init
                0x10000d1c       0x1e CMakeFiles/project.dir/Users/heinrich/Downloads/Pico/pico-sdk/src/common/pico_sync/mutex.c.obj
                0x10000d1c                recursive_mutex_init
 *fill*         0x10000d3a        0x2 
 .text.critical_section_init_with_lock_num
                0x10000d3c       0x14 CMakeFiles/project.dir/Users/heinrich/Downloads/Pico/pico-sdk/src/common/pico_sync/critical_section.c.obj
                0x10000d3c                critical_section_init_with_lock_num
 .text.critical_section_init
                0x10000d50       0x14 CMakeFiles/project.dir/Users/heinrich/Downloads/Pico/pico-sdk/src/common/pico_sync/critical_section.c.obj
                0x10000d50                critical_section_init
 .text.time_reached
                0x10000d64       0x28 CMakeFiles/project.dir/Users/heinrich/Downloads/Pico/pico-sdk/src/common/pico_time/time.c.obj
 .text.get_entry
                0x10000d8c       0x38 CMakeFiles/project.dir/Users/heinrich/Downloads/Pico/pico-sdk/src/common/pico_time/time.c.obj
 .text.timer_pool_entry_comparator
                0x10000dc4       0x2e CMakeFiles/project.dir/Users/heinrich/Downloads/Pico/pico-sdk/src/common/pico_time/time.c.obj
                0x10000dc4                timer_pool_entry_comparator
 *fill*         0x10000df2        0x2 
 .text.update_us_since_boot
                0x10000df4       0x24 CMakeFiles/project.dir/Users/heinrich/Downloads/Pico/pico-sdk/src/common/pico_time/time.c.obj
 .text.delayed_by_us
                0x10000e18       0x34 CMakeFiles/project.dir/Users/heinrich/Downloads/Pico/pico-sdk/src/common/pico_time/time.c.obj
 .text.ph_get_node
                0x10000e4c       0x30 CMakeFiles/project.dir/Users/heinrich/Downloads/Pico/pico-sdk/src/common/pico_time/time.c.obj
 .text.ph_contains_node
                0x10000e7c       0x1e CMakeFiles/project.dir/Users/heinrich/Downloads/Pico/pico-sdk/src/common/pico_time/time.c.obj
 .text.ph_new_node
                0x10000e9a       0x28 CMakeFiles/project.dir/Users/heinrich/Downloads/Pico/pico-sdk/src/common/pico_time/time.c.obj
 *fill*         0x10000ec2        0x2 
 .text.ph_add_child_node
                0x10000ec4       0x6c CMakeFiles/project.dir/Users/heinrich/Downloads/Pico/pico-sdk/src/common/pico_time/time.c.obj
 .text.ph_merge_nodes
                0x10000f30       0x3e CMakeFiles/project.dir/Users/heinrich/Downloads/Pico/pico-sdk/src/common/pico_time/time.c.obj
 *fill*         0x10000f6e        0x2 
 .text.ph_insert_node
                0x10000f70       0x3c CMakeFiles/project.dir/Users/heinrich/Downloads/Pico/pico-sdk/src/common/pico_time/time.c.obj
 .text.ph_free_node
                0x10000fac       0x5c CMakeFiles/project.dir/Users/heinrich/Downloads/Pico/pico-sdk/src/common/pico_time/time.c.obj
 .text.get_entry_id_high
                0x10001008       0x30 CMakeFiles/project.dir/Users/heinrich/Downloads/Pico/pico-sdk/src/common/pico_time/time.c.obj
 .text.alarm_pool_post_alloc_init
                0x10001038       0x40 CMakeFiles/project.dir/Users/heinrich/Downloads/Pico/pico-sdk/src/common/pico_time/time.c.obj
 .text.sleep_until_callback
                0x10001078       0x30 CMakeFiles/project.dir/Users/heinrich/Downloads/Pico/pico-sdk/src/common/pico_time/time.c.obj
 .text.get_absolute_time
                0x100010a8       0x22 CMakeFiles/project.dir/Users/heinrich/Downloads/Pico/pico-sdk/src/common/pico_time/time.c.obj
 .text.make_timeout_time_us
                0x100010ca       0x24 CMakeFiles/project.dir/Users/heinrich/Downloads/Pico/pico-sdk/src/common/pico_time/time.c.obj
 *fill*         0x100010ee        0x2 
 .text.add_alarm_under_lock
                0x100010f0       0x94 CMakeFiles/project.dir/Users/heinrich/Downloads/Pico/pico-sdk/src/common/pico_time/time.c.obj
 .text.alarm_pool_alarm_callback
                0x10001184      0x210 CMakeFiles/project.dir/Users/heinrich/Downloads/Pico/pico-sdk/src/common/pico_time/time.c.obj
 .text.alarm_pool_init_default
                0x10001394       0x40 CMakeFiles/project.dir/Users/heinrich/Downloads/Pico/pico-sdk/src/common/pico_time/time.c.obj
                0x10001394                alarm_pool_init_default
 .text.alarm_pool_get_default
                0x100013d4       0x2c CMakeFiles/project.dir/Users/heinrich/Downloads/Pico/pico-sdk/src/common/pico_time/time.c.obj
                0x100013d4                alarm_pool_get_default
 .text.alarm_pool_add_alarm_at
                0x10001400      0x10e CMakeFiles/project.dir/Users/heinrich/Downloads/Pico/pico-sdk/src/common/pico_time/time.c.obj
                0x10001400                alarm_pool_add_alarm_at
 .text.add_alarm_at
                0x1000150e       0x2e CMakeFiles/project.dir/Users/heinrich/Downloads/Pico/pico-sdk/src/common/pico_time/time.c.obj
 .text.alarm_pool_cancel_alarm
                0x1000153c       0xa8 CMakeFiles/project.dir/Users/heinrich/Downloads/Pico/pico-sdk/src/common/pico_time/time.c.obj
                0x1000153c                alarm_pool_cancel_alarm
 .text.cancel_alarm
                0x100015e4       0x10 CMakeFiles/project.dir/Users/heinrich/Downloads/Pico/pico-sdk/src/common/pico_time/time.c.obj
 .text.alarm_pool_core_num
                0x100015f4        0x4 CMakeFiles/project.dir/Users/heinrich/Downloads/Pico/pico-sdk/src/common/pico_time/time.c.obj
                0x100015f4                alarm_pool_core_num
 .text.sleep_until
                0x100015f8       0xb0 CMakeFiles/project.dir/Users/heinrich/Downloads/Pico/pico-sdk/src/common/pico_time/time.c.obj
                0x100015f8                sleep_until
 .text.sleep_us
                0x100016a8       0x1a CMakeFiles/project.dir/Users/heinrich/Downloads/Pico/pico-sdk/src/common/pico_time/time.c.obj
                0x100016a8                sleep_us
 .text.sleep_ms
                0x100016c2       0x14 CMakeFiles/project.dir/Users/heinrich/Downloads/Pico/pico-sdk/src/common/pico_time/time.c.obj
                0x100016c2                sleep_ms
 *fill*         0x100016d6        0x2 
 .text.best_effort_wfe_or_timeout
                0x100016d8       0x44 CMakeFiles/project.dir/Users/heinrich/Downloads/Pico/pico-sdk/src/common/pico_time/time.c.obj
                0x100016d8                best_effort_wfe_or_timeout
 .text.hardware_alarm_irq_handler
                0x1000171c       0x8c CMakeFiles/project.dir/Users/heinrich/Downloads/Pico/pico-sdk/src/rp2_common/hardware_timer/timer.c.obj
 .text.hardware_alarm_claim
                0x100017a8       0x18 CMakeFiles/project.dir/Users/heinrich/Downloads/Pico/pico-sdk/src/rp2_common/hardware_timer/timer.c.obj
                0x100017a8                hardware_alarm_claim
 .text.time_us_64
                0x100017c0       0x18 CMakeFiles/project.dir/Users/heinrich/Downloads/Pico/pico-sdk/src/rp2_common/hardware_timer/timer.c.obj
                0x100017c0                time_us_64
 .text.busy_wait_until
                0x100017d8       0x28 CMakeFiles/project.dir/Users/heinrich/Downloads/Pico/pico-sdk/src/rp2_common/hardware_timer/timer.c.obj
                0x100017d8                busy_wait_until
 .text.hardware_alarm_set_callback
                0x10001800       0x90 CMakeFiles/project.dir/Users/heinrich/Downloads/Pico/pico-sdk/src/rp2_common/hardware_timer/timer.c.obj
                0x10001800                hardware_alarm_set_callback
 .text.hardware_alarm_set_target
                0x10001890       0xe8 CMakeFiles/project.dir/Users/heinrich/Downloads/Pico/pico-sdk/src/rp2_common/hardware_timer/timer.c.obj
                0x10001890                hardware_alarm_set_target
 .text.hardware_alarm_cancel
                0x10001978       0x40 CMakeFiles/project.dir/Users/heinrich/Downloads/Pico/pico-sdk/src/rp2_common/hardware_timer/timer.c.obj
                0x10001978                hardware_alarm_cancel
 .text.ph_get_node
                0x100019b8       0x30 CMakeFiles/project.dir/Users/heinrich/Downloads/Pico/pico-sdk/src/common/pico_util/pheap.c.obj
 .text.ph_add_child_node
                0x100019e8       0x6c CMakeFiles/project.dir/Users/heinrich/Downloads/Pico/pico-sdk/src/common/pico_util/pheap.c.obj
 .text.ph_merge_nodes
                0x10001a54       0x3e CMakeFiles/project.dir/Users/heinrich/Downloads/Pico/pico-sdk/src/common/pico_util/pheap.c.obj
 .text.ph_clear
                0x10001a92       0x34 CMakeFiles/project.dir/Users/heinrich/Downloads/Pico/pico-sdk/src/common/pico_util/pheap.c.obj
                0x10001a92                ph_clear
 .text.ph_post_alloc_init
                0x10001ac6        0xe CMakeFiles/project.dir/Users/heinrich/Downloads/Pico/pico-sdk/src/common/pico_util/pheap.c.obj
                0x10001ac6                ph_post_alloc_init
 .text.ph_merge_two_pass
                0x10001ad4       0x5c CMakeFiles/project.dir/Users/heinrich/Downloads/Pico/pico-sdk/src/common/pico_util/pheap.c.obj
                0x10001ad4                ph_merge_two_pass
 .text.ph_remove_any_head
                0x10001b30       0xc0 CMakeFiles/project.dir/Users/heinrich/Downloads/Pico/pico-sdk/src/common/pico_util/pheap.c.obj
 .text.ph_remove_head
                0x10001bf0       0x14 CMakeFiles/project.dir/Users/heinrich/Downloads/Pico/pico-sdk/src/common/pico_util/pheap.c.obj
                0x10001bf0                ph_remove_head
 .text.ph_remove_and_free_node
                0x10001c04       0xa0 CMakeFiles/project.dir/Users/heinrich/Downloads/Pico/pico-sdk/src/common/pico_util/pheap.c.obj
                0x10001c04                ph_remove_and_free_node
 .text.clock_configure
                0x10001ca4      0x108 CMakeFiles/project.dir/Users/heinrich/Downloads/Pico/pico-sdk/src/rp2_common/hardware_clocks/clocks.c.obj
                0x10001ca4                clock_configure
 .text.clocks_init
                0x10001dac      0x100 CMakeFiles/project.dir/Users/heinrich/Downloads/Pico/pico-sdk/src/rp2_common/hardware_clocks/clocks.c.obj
                0x10001dac                clocks_init
 .text.clock_get_hz
                0x10001eac        0xc CMakeFiles/project.dir/Users/heinrich/Downloads/Pico/pico-sdk/src/rp2_common/hardware_clocks/clocks.c.obj
                0x10001eac                clock_get_hz
 .text.pll_init
                0x10001eb8      0x120 CMakeFiles/project.dir/Users/heinrich/Downloads/Pico/pico-sdk/src/rp2_common/hardware_pll/pll.c.obj
                0x10001eb8                pll_init
 .text.watchdog_start_tick
                0x10001fd8       0x10 CMakeFiles/project.dir/Users/heinrich/Downloads/Pico/pico-sdk/src/rp2_common/hardware_watchdog/watchdog.c.obj
                0x10001fd8                watchdog_start_tick
 .text.watchdog_update
                0x10001fe8       0x14 CMakeFiles/project.dir/Users/heinrich/Downloads/Pico/pico-sdk/src/rp2_common/hardware_watchdog/watchdog.c.obj
                0x10001fe8                watchdog_update
 .text._watchdog_enable
                0x10001ffc       0x78 CMakeFiles/project.dir/Users/heinrich/Downloads/Pico/pico-sdk/src/rp2_common/hardware_watchdog/watchdog.c.obj
                0x10001ffc                _watchdog_enable
 .text.watchdog_reboot
                0x10002074       0x48 CMakeFiles/project.dir/Users/heinrich/Downloads/Pico/pico-sdk/src/rp2_common/hardware_watchdog/watchdog.c.obj
                0x10002074                watchdog_reboot
 .text.xosc_init
                0x100020bc       0x28 CMakeFiles/project.dir/Users/heinrich/Downloads/Pico/pico-sdk/src/rp2_common/hardware_xosc/xosc.c.obj
                0x100020bc                xosc_init
 .text._exit    0x100020e4        0x4 CMakeFiles/project.dir/Users/heinrich/Downloads/Pico/pico-sdk/src/rp2_common/pico_runtime/runtime.c.obj
                0x100020e4                _exit
 .text.exit     0x100020e8        0x6 CMakeFiles/project.dir/Users/heinrich/Downloads/Pico/pico-sdk/src/rp2_common/pico_runtime/runtime.c.obj
                0x100020e8                exit
 *fill*         0x100020ee        0x2 
 .text.__assert_func
                0x100020f0       0x38 CMakeFiles/project.dir/Users/heinrich/Downloads/Pico/pico-sdk/src/rp2_common/pico_runtime/runtime.c.obj
                0x100020f0                __assert_func
 .text.runtime_init
                0x10002128       0xf8 CMakeFiles/project.dir/Users/heinrich/Downloads/Pico/pico-sdk/src/rp2_common/pico_runtime/runtime.c.obj
                0x10002128                runtime_init
 .text.panic    0x10002220       0x30 CMakeFiles/project.dir/Users/heinrich/Downloads/Pico/pico-sdk/src/rp2_common/pico_runtime/runtime.c.obj
                0x10002220                panic
 .text._out_null
                0x10002250        0x2 CMakeFiles/project.dir/Users/heinrich/Downloads/Pico/pico-sdk/src/rp2_common/pico_printf/printf.c.obj
 .text._out_fct
                0x10002252        0xe CMakeFiles/project.dir/Users/heinrich/Downloads/Pico/pico-sdk/src/rp2_common/pico_printf/printf.c.obj
 .text._atoi    0x10002260       0x24 CMakeFiles/project.dir/Users/heinrich/Downloads/Pico/pico-sdk/src/rp2_common/pico_printf/printf.c.obj
 .text._out_rev
                0x10002284       0xae CMakeFiles/project.dir/Users/heinrich/Downloads/Pico/pico-sdk/src/rp2_common/pico_printf/printf.c.obj
 .text._ntoa_format
                0x10002332      0x110 CMakeFiles/project.dir/Users/heinrich/Downloads/Pico/pico-sdk/src/rp2_common/pico_printf/printf.c.obj
 .text._ntoa_long
                0x10002442       0xbc CMakeFiles/project.dir/Users/heinrich/Downloads/Pico/pico-sdk/src/rp2_common/pico_printf/printf.c.obj
 .text._ntoa_long_long
                0x100024fe      0x10e CMakeFiles/project.dir/Users/heinrich/Downloads/Pico/pico-sdk/src/rp2_common/pico_printf/printf.c.obj
 .text._etoa    0x1000260c      0x420 CMakeFiles/project.dir/Users/heinrich/Downloads/Pico/pico-sdk/src/rp2_common/pico_printf/printf.c.obj
 .text._ftoa    0x10002a2c      0x354 CMakeFiles/project.dir/Users/heinrich/Downloads/Pico/pico-sdk/src/rp2_common/pico_printf/printf.c.obj
 .text._vsnprintf
                0x10002d80      0x668 CMakeFiles/project.dir/Users/heinrich/Downloads/Pico/pico-sdk/src/rp2_common/pico_printf/printf.c.obj
 .text.vfctprintf
                0x100033e8       0x20 CMakeFiles/project.dir/Users/heinrich/Downloads/Pico/pico-sdk/src/rp2_common/pico_printf/printf.c.obj
                0x100033e8                vfctprintf
 .text          0x10003408       0x10 CMakeFiles/project.dir/Users/heinrich/Downloads/Pico/pico-sdk/src/rp2_common/pico_bit_ops/bit_ops_aeabi.S.obj
 .text.rom_func_lookup
                0x10003418       0x10 CMakeFiles/project.dir/Users/heinrich/Downloads/Pico/pico-sdk/src/rp2_common/pico_bootrom/bootrom.c.obj
                0x10003418                rom_func_lookup
 .text.rom_data_lookup
                0x10003428       0x10 CMakeFiles/project.dir/Users/heinrich/Downloads/Pico/pico-sdk/src/rp2_common/pico_bootrom/bootrom.c.obj
                0x10003428                rom_data_lookup
 .text.rom_funcs_lookup
                0x10003438       0x36 CMakeFiles/project.dir/Users/heinrich/Downloads/Pico/pico-sdk/src/rp2_common/pico_bootrom/bootrom.c.obj
                0x10003438                rom_funcs_lookup
 *fill*         0x1000346e        0x2 
 .text.__wrap___aeabi_idiv
                0x10003470       0x50 CMakeFiles/project.dir/Users/heinrich/Downloads/Pico/pico-sdk/src/rp2_common/pico_divider/divider.S.obj
                0x10003470                __wrap___aeabi_idivmod
                0x10003470                divmod_s32s32
                0x10003470                div_s32s32
                0x10003470                __wrap___aeabi_idiv
                0x10003478                divmod_s32s32_unsafe
                0x100034a4                divmod_s32s32_savestate
 .text.__wrap___aeabi_uidiv
                0x100034c0       0x4c CMakeFiles/project.dir/Users/heinrich/Downloads/Pico/pico-sdk/src/rp2_common/pico_divider/divider.S.obj
                0x100034c0                __wrap___aeabi_uidiv
                0x100034c0                __wrap___aeabi_uidivmod
                0x100034c0                div_u32u32
                0x100034c0                divmod_u32u32
                0x100034c8                divmod_u32u32_unsafe
                0x100034f0                divmod_u32u32_savestate
 .text.__wrap___aeabi_ldiv
                0x1000350c      0x424 CMakeFiles/project.dir/Users/heinrich/Downloads/Pico/pico-sdk/src/rp2_common/pico_divider/divider.S.obj
                0x1000350c                __wrap___aeabi_ldivmod
                0x1000350c                div_s64s64
                0x1000350c                divmod_s64s64
                0x1000353c                divmod_u64u64
                0x1000353c                div_u64u64
                0x1000353c                __wrap___aeabi_uldivmod
                0x1000354c                divmod_u64u64_savestate
                0x1000356c                divmod_s64s64_unsafe
                0x100035f4                divmod_u64u64_unsafe
 .text.__wrap___aeabi_darithmetic
                0x10003930       0x80 CMakeFiles/project.dir/Users/heinrich/Downloads/Pico/pico-sdk/src/rp2_common/pico_double/double_aeabi.S.obj
                0x10003930                __wrap___aeabi_drsub
                0x10003936                __wrap___aeabi_dsub
                0x10003948                __wrap___aeabi_dadd
                0x1000395a                __wrap___aeabi_ddiv
                0x10003996                __wrap___aeabi_dmul
 .text.__wrap___aeabi_cdcmple
                0x100039b0       0x6c CMakeFiles/project.dir/Users/heinrich/Downloads/Pico/pico-sdk/src/rp2_common/pico_double/double_aeabi.S.obj
                0x100039b0                __wrap___aeabi_cdrcmple
                0x100039c0                __wrap___aeabi_cdcmple
                0x100039c0                __wrap___aeabi_cdcmpeq
 .text.__wrap___aeabi_dcmplt
                0x10003a1c        0xc CMakeFiles/project.dir/Users/heinrich/Downloads/Pico/pico-sdk/src/rp2_common/pico_double/double_aeabi.S.obj
                0x10003a1c                __wrap___aeabi_dcmplt
 .text.__wrap___aeabi_dcmple
                0x10003a28       0x10 CMakeFiles/project.dir/Users/heinrich/Downloads/Pico/pico-sdk/src/rp2_common/pico_double/double_aeabi.S.obj
                0x10003a28                __wrap___aeabi_dcmple
 .text.__wrap___aeabi_dcmpge
                0x10003a38       0x10 CMakeFiles/project.dir/Users/heinrich/Downloads/Pico/pico-sdk/src/rp2_common/pico_double/double_aeabi.S.obj
                0x10003a38                __wrap___aeabi_dcmpge
 .text.__wrap___aeabi_dcmpgt
                0x10003a48        0xa CMakeFiles/project.dir/Users/heinrich/Downloads/Pico/pico-sdk/src/rp2_common/pico_double/double_aeabi.S.obj
                0x10003a48                __wrap___aeabi_dcmpgt
 .text.__wrap___aeabi_dcmpun
                0x10003a52       0x1c CMakeFiles/project.dir/Users/heinrich/Downloads/Pico/pico-sdk/src/rp2_common/pico_double/double_aeabi.S.obj
                0x10003a52                __wrap___aeabi_dcmpun
 *fill*         0x10003a6e        0x2 
 .text.__wrap___aeabi_i2d
                0x10003a70       0x38 CMakeFiles/project.dir/Users/heinrich/Downloads/Pico/pico-sdk/src/rp2_common/pico_double/double_aeabi.S.obj
                0x10003a70                __wrap___aeabi_ui2d
                0x10003a78                __wrap___aeabi_i2d
 .text.__wrap___aeabi_d2iz
                0x10003aa8       0x48 CMakeFiles/project.dir/Users/heinrich/Downloads/Pico/pico-sdk/src/rp2_common/pico_double/double_aeabi.S.obj
                0x10003aa8                __wrap___aeabi_d2iz
                0x10003aa8                double2int_z
 .text.__wrap___aeabi_d2uiz
                0x10003af0       0x18 CMakeFiles/project.dir/Users/heinrich/Downloads/Pico/pico-sdk/src/rp2_common/pico_double/double_aeabi.S.obj
                0x10003af0                double2uint
                0x10003af0                __wrap___aeabi_d2uiz
 .text.__aeabi_double_init
                0x10003b08       0xcc CMakeFiles/project.dir/Users/heinrich/Downloads/Pico/pico-sdk/src/rp2_common/pico_double/double_init_rom.c.obj
                0x10003b08                __aeabi_double_init
 .text.double_table_shim_on_use_helper
                0x10003bd4       0x34 CMakeFiles/project.dir/Users/heinrich/Downloads/Pico/pico-sdk/src/rp2_common/pico_double/double_v1_rom_shim.S.obj
                0x10003bd4                double_table_shim_on_use_helper
 .text.__wrap___aeabi_dsub
                0x10003c08       0x10 CMakeFiles/project.dir/Users/heinrich/Downloads/Pico/pico-sdk/src/rp2_common/pico_double/double_v1_rom_shim.S.obj
                0x10003c08                drsub_shim
                0x10003c0e                dsub_shim
 .text.dadd_shim
                0x10003c18      0x15c CMakeFiles/project.dir/Users/heinrich/Downloads/Pico/pico-sdk/src/rp2_common/pico_double/double_v1_rom_shim.S.obj
                0x10003c18                dadd_shim
 .text.dmul_shim
                0x10003d74      0x15c CMakeFiles/project.dir/Users/heinrich/Downloads/Pico/pico-sdk/src/rp2_common/pico_double/double_v1_rom_shim.S.obj
                0x10003d74                dmul_shim
 .text.ddiv_shim
                0x10003ed0      0x1b0 CMakeFiles/project.dir/Users/heinrich/Downloads/Pico/pico-sdk/src/rp2_common/pico_double/double_v1_rom_shim.S.obj
                0x10003ed0                ddiv_shim
 .text.double2uint_shim
                0x10004080        0xe CMakeFiles/project.dir/Users/heinrich/Downloads/Pico/pico-sdk/src/rp2_common/pico_double/double_v1_rom_shim.S.obj
                0x10004080                double2uint_shim
                0x10004082                double2ufix_shim
 *fill*         0x1000408e        0x2 
 .text.double2uint64_shim
                0x10004090       0x70 CMakeFiles/project.dir/Users/heinrich/Downloads/Pico/pico-sdk/src/rp2_common/pico_double/double_v1_rom_shim.S.obj
                0x10004090                double2uint64_shim
                0x10004092                double2ufix64_shim
                0x100040b2                d2fix_a
 .text.dunpacks
                0x10004100       0x3c CMakeFiles/project.dir/Users/heinrich/Downloads/Pico/pico-sdk/src/rp2_common/pico_double/double_v1_rom_shim.S.obj
                0x10004100                dunpacks
 .text.__aeabi_lmul
                0x1000413c       0x32 CMakeFiles/project.dir/Users/heinrich/Downloads/Pico/pico-sdk/src/rp2_common/pico_int64_ops/pico_int64_ops_aeabi.S.obj
                0x1000413c                __wrap___aeabi_lmul
 *fill*         0x1000416e        0x2 
 .text.__aeabi_float_init
                0x10004170       0xfc CMakeFiles/project.dir/Users/heinrich/Downloads/Pico/pico-sdk/src/rp2_common/pico_float/float_init_rom.c.obj
                0x10004170                __aeabi_float_init
 .text.float_table_shim_on_use_helper
                0x1000426c       0x34 CMakeFiles/project.dir/Users/heinrich/Downloads/Pico/pico-sdk/src/rp2_common/pico_float/float_v1_rom_shim.S.obj
                0x1000426c                float_table_shim_on_use_helper
 .text          0x100042a0       0x10 CMakeFiles/project.dir/Users/heinrich/Downloads/Pico/pico-sdk/src/rp2_common/pico_mem_ops/mem_ops_aeabi.S.obj
                0x100042a0                __aeabi_mem_init
 .text.memset   0x100042b0        0xc CMakeFiles/project.dir/Users/heinrich/Downloads/Pico/pico-sdk/src/rp2_common/pico_mem_ops/mem_ops_aeabi.S.obj
                0x100042b0                __wrap_memset
 .text.memcpy   0x100042bc        0xc CMakeFiles/project.dir/Users/heinrich/Downloads/Pico/pico-sdk/src/rp2_common/pico_mem_ops/mem_ops_aeabi.S.obj
                0x100042bc                __wrap___aeabi_memcpy
                0x100042bc                __wrap_memcpy
 .text.stdio_out_chars_no_crlf
                0x100042c8        0xe CMakeFiles/project.dir/Users/heinrich/Downloads/Pico/pico-sdk/src/rp2_common/pico_stdio/stdio.c.obj
 *fill*         0x100042d6        0x2 
 .text.stdio_out_chars_crlf
                0x100042d8       0x80 CMakeFiles/project.dir/Users/heinrich/Downloads/Pico/pico-sdk/src/rp2_common/pico_stdio/stdio.c.obj
 .text.stdio_stack_buffer_flush
                0x10004358       0x44 CMakeFiles/project.dir/Users/heinrich/Downloads/Pico/pico-sdk/src/rp2_common/pico_stdio/stdio.c.obj
 .text.stdio_buffered_printer
                0x1000439c       0x20 CMakeFiles/project.dir/Users/heinrich/Downloads/Pico/pico-sdk/src/rp2_common/pico_stdio/stdio.c.obj
 .text.update_us_since_boot
                0x100043bc       0x24 CMakeFiles/project.dir/Users/heinrich/Downloads/Pico/pico-sdk/src/rp2_common/pico_stdio/stdio.c.obj
 .text.get_absolute_time
                0x100043e0       0x22 CMakeFiles/project.dir/Users/heinrich/Downloads/Pico/pico-sdk/src/rp2_common/pico_stdio/stdio.c.obj
 *fill*         0x10004402        0x2 
 .text.delayed_by_ms
                0x10004404       0x44 CMakeFiles/project.dir/Users/heinrich/Downloads/Pico/pico-sdk/src/rp2_common/pico_stdio/stdio.c.obj
 .text.make_timeout_time_ms
                0x10004448       0x20 CMakeFiles/project.dir/Users/heinrich/Downloads/Pico/pico-sdk/src/rp2_common/pico_stdio/stdio.c.obj
 .text.stdout_serialize_begin
                0x10004468       0x20 CMakeFiles/project.dir/Users/heinrich/Downloads/Pico/pico-sdk/src/rp2_common/pico_stdio/stdio.c.obj
                0x10004468                stdout_serialize_begin
 .text.stdout_serialize_end
                0x10004488       0x10 CMakeFiles/project.dir/Users/heinrich/Downloads/Pico/pico-sdk/src/rp2_common/pico_stdio/stdio.c.obj
                0x10004488                stdout_serialize_end
 .text.stdio_put_string
                0x10004498       0x98 CMakeFiles/project.dir/Users/heinrich/Downloads/Pico/pico-sdk/src/rp2_common/pico_stdio/stdio.c.obj
 .text.stdio_set_driver_enabled
                0x10004530       0x2c CMakeFiles/project.dir/Users/heinrich/Downloads/Pico/pico-sdk/src/rp2_common/pico_stdio/stdio.c.obj
                0x10004530                stdio_set_driver_enabled
 .text.stdio_flush
                0x1000455c       0x20 CMakeFiles/project.dir/Users/heinrich/Downloads/Pico/pico-sdk/src/rp2_common/pico_stdio/stdio.c.obj
                0x1000455c                stdio_flush
 .text.__wrap_puts
                0x1000457c       0x1e CMakeFiles/project.dir/Users/heinrich/Downloads/Pico/pico-sdk/src/rp2_common/pico_stdio/stdio.c.obj
                0x1000457c                __wrap_puts
 *fill*         0x1000459a        0x2 
 .text.__wrap_vprintf
                0x1000459c       0x40 CMakeFiles/project.dir/Users/heinrich/Downloads/Pico/pico-sdk/src/rp2_common/pico_stdio/stdio.c.obj
                0x1000459c                __wrap_vprintf
 .text.__wrap_printf
                0x100045dc       0x18 CMakeFiles/project.dir/Users/heinrich/Downloads/Pico/pico-sdk/src/rp2_common/pico_stdio/stdio.c.obj
                0x100045dc                __wrap_printf
 .text.stdio_init_all
                0x100045f4        0x8 CMakeFiles/project.dir/Users/heinrich/Downloads/Pico/pico-sdk/src/rp2_common/pico_stdio/stdio.c.obj
                0x100045f4                stdio_init_all
 .text.resetd_init
                0x100045fc        0x2 CMakeFiles/project.dir/Users/heinrich/Downloads/Pico/pico-sdk/src/rp2_common/pico_stdio_usb/reset_interface.c.obj
 *fill*         0x100045fe        0x2 
 .text.resetd_reset
                0x10004600        0xc CMakeFiles/project.dir/Users/heinrich/Downloads/Pico/pico-sdk/src/rp2_common/pico_stdio_usb/reset_interface.c.obj
 .text.resetd_open
                0x1000460c       0x34 CMakeFiles/project.dir/Users/heinrich/Downloads/Pico/pico-sdk/src/rp2_common/pico_stdio_usb/reset_interface.c.obj
 .text.resetd_xfer_cb
                0x10004640        0x4 CMakeFiles/project.dir/Users/heinrich/Downloads/Pico/pico-sdk/src/rp2_common/pico_stdio_usb/reset_interface.c.obj
 .text.reset_usb_boot
                0x10004644       0x18 CMakeFiles/project.dir/Users/heinrich/Downloads/Pico/pico-sdk/src/rp2_common/pico_stdio_usb/reset_interface.c.obj
 .text.resetd_control_xfer_cb
                0x1000465c       0x5c CMakeFiles/project.dir/Users/heinrich/Downloads/Pico/pico-sdk/src/rp2_common/pico_stdio_usb/reset_interface.c.obj
 .text.usbd_app_driver_get_cb
                0x100046b8        0xc CMakeFiles/project.dir/Users/heinrich/Downloads/Pico/pico-sdk/src/rp2_common/pico_stdio_usb/reset_interface.c.obj
                0x100046b8                usbd_app_driver_get_cb
 .text.tud_cdc_line_coding_cb
                0x100046c4       0x28 CMakeFiles/project.dir/Users/heinrich/Downloads/Pico/pico-sdk/src/rp2_common/pico_stdio_usb/reset_interface.c.obj
                0x100046c4                tud_cdc_line_coding_cb
 .text.stdio_usb_set_chars_available_callback
                0x100046ec       0x14 CMakeFiles/project.dir/Users/heinrich/Downloads/Pico/pico-sdk/src/rp2_common/pico_stdio_usb/stdio_usb.c.obj
                0x100046ec                stdio_usb_set_chars_available_callback
 .text.update_us_since_boot
                0x10004700       0x24 CMakeFiles/project.dir/Users/heinrich/Downloads/Pico/pico-sdk/src/rp2_common/pico_stdio_usb/stdio_usb.c.obj
 .text.get_absolute_time
                0x10004724       0x22 CMakeFiles/project.dir/Users/heinrich/Downloads/Pico/pico-sdk/src/rp2_common/pico_stdio_usb/stdio_usb.c.obj
 *fill*         0x10004746        0x2 
 .text.delayed_by_ms
                0x10004748       0x44 CMakeFiles/project.dir/Users/heinrich/Downloads/Pico/pico-sdk/src/rp2_common/pico_stdio_usb/stdio_usb.c.obj
 .text.make_timeout_time_ms
                0x1000478c       0x20 CMakeFiles/project.dir/Users/heinrich/Downloads/Pico/pico-sdk/src/rp2_common/pico_stdio_usb/stdio_usb.c.obj
 .text.delayed_by_us
                0x100047ac       0x34 CMakeFiles/project.dir/Users/heinrich/Downloads/Pico/pico-sdk/src/rp2_common/pico_stdio_usb/stdio_usb.c.obj
 .text.usb_irq  0x100047e0       0x10 CMakeFiles/project.dir/Users/heinrich/Downloads/Pico/pico-sdk/src/rp2_common/pico_stdio_usb/stdio_usb.c.obj
 .text.critical_section_enter_blocking
                0x100047f0       0x16 CMakeFiles/project.dir/Users/heinrich/Downloads/Pico/pico-sdk/src/rp2_common/pico_stdio_usb/stdio_usb.c.obj
 *fill*         0x10004806        0x2 
 .text.timer_task
                0x10004808       0x4c CMakeFiles/project.dir/Users/heinrich/Downloads/Pico/pico-sdk/src/rp2_common/pico_stdio_usb/stdio_usb.c.obj
 .text.alarm_pool_add_alarm_in_us
                0x10004854       0x3a CMakeFiles/project.dir/Users/heinrich/Downloads/Pico/pico-sdk/src/rp2_common/pico_stdio_usb/stdio_usb.c.obj
 .text.add_alarm_in_us
                0x1000488e       0x2e CMakeFiles/project.dir/Users/heinrich/Downloads/Pico/pico-sdk/src/rp2_common/pico_stdio_usb/stdio_usb.c.obj
 .text.low_priority_worker_irq
                0x100048bc       0x7c CMakeFiles/project.dir/Users/heinrich/Downloads/Pico/pico-sdk/src/rp2_common/pico_stdio_usb/stdio_usb.c.obj
 .text.tud_cdc_rx_cb
                0x10004938       0x20 CMakeFiles/project.dir/Users/heinrich/Downloads/Pico/pico-sdk/src/rp2_common/pico_stdio_usb/stdio_usb.c.obj
                0x10004938                tud_cdc_rx_cb
 .text.stdio_usb_init
                0x10004958       0xd0 CMakeFiles/project.dir/Users/heinrich/Downloads/Pico/pico-sdk/src/rp2_common/pico_stdio_usb/stdio_usb.c.obj
                0x10004958                stdio_usb_init
 .text.stdio_usb_connected
                0x10004a28        0xa CMakeFiles/project.dir/Users/heinrich/Downloads/Pico/pico-sdk/src/rp2_common/pico_stdio_usb/stdio_usb.c.obj
                0x10004a28                stdio_usb_connected
 *fill*         0x10004a32        0x2 
 .text.stdio_usb_in_chars
                0x10004a34       0x88 CMakeFiles/project.dir/Users/heinrich/Downloads/Pico/pico-sdk/src/rp2_common/pico_stdio_usb/stdio_usb.c.obj
                0x10004a34                stdio_usb_in_chars
 .text.stdio_usb_out_chars
                0x10004abc       0xd8 CMakeFiles/project.dir/Users/heinrich/Downloads/Pico/pico-sdk/src/rp2_common/pico_stdio_usb/stdio_usb.c.obj
 .text.tud_descriptor_device_cb
                0x10004b94        0x8 CMakeFiles/project.dir/Users/heinrich/Downloads/Pico/pico-sdk/src/rp2_common/pico_stdio_usb/stdio_usb_descriptors.c.obj
                0x10004b94                tud_descriptor_device_cb
 .text.tud_descriptor_configuration_cb
                0x10004b9c        0x8 CMakeFiles/project.dir/Users/heinrich/Downloads/Pico/pico-sdk/src/rp2_common/pico_stdio_usb/stdio_usb_descriptors.c.obj
                0x10004b9c                tud_descriptor_configuration_cb
 .text.tud_descriptor_string_cb
                0x10004ba4       0x6c CMakeFiles/project.dir/Users/heinrich/Downloads/Pico/pico-sdk/src/rp2_common/pico_stdio_usb/stdio_usb_descriptors.c.obj
                0x10004ba4                tud_descriptor_string_cb
 .text._retrieve_unique_id_on_boot
                0x10004c10       0x10 CMakeFiles/project.dir/Users/heinrich/Downloads/Pico/pico-sdk/src/rp2_common/pico_unique_id/unique_id.c.obj
 .text.pico_get_unique_board_id_string
                0x10004c20       0x5c CMakeFiles/project.dir/Users/heinrich/Downloads/Pico/pico-sdk/src/rp2_common/pico_unique_id/unique_id.c.obj
                0x10004c20                pico_get_unique_board_id_string
 .text.flash_get_unique_id
                0x10004c7c       0x40 CMakeFiles/project.dir/Users/heinrich/Downloads/Pico/pico-sdk/src/rp2_common/hardware_flash/flash.c.obj
                0x10004c7c                flash_get_unique_id
 .text.hw_endpoint_get_by_addr
                0x10004cbc       0x18 CMakeFiles/project.dir/Users/heinrich/Downloads/Pico/pico-sdk/lib/tinyusb/src/portable/raspberrypi/rp2040/dcd_rp2040.c.obj
 .text._hw_endpoint_alloc
                0x10004cd4       0x70 CMakeFiles/project.dir/Users/heinrich/Downloads/Pico/pico-sdk/lib/tinyusb/src/portable/raspberrypi/rp2040/dcd_rp2040.c.obj
 .text.hw_endpoint_init
                0x10004d44       0x88 CMakeFiles/project.dir/Users/heinrich/Downloads/Pico/pico-sdk/lib/tinyusb/src/portable/raspberrypi/rp2040/dcd_rp2040.c.obj
 .text.dcd_event_sof
                0x10004dcc       0x2c CMakeFiles/project.dir/Users/heinrich/Downloads/Pico/pico-sdk/lib/tinyusb/src/portable/raspberrypi/rp2040/dcd_rp2040.c.obj
 .text.hw_endpoint_xfer
                0x10004df8       0x14 CMakeFiles/project.dir/Users/heinrich/Downloads/Pico/pico-sdk/lib/tinyusb/src/portable/raspberrypi/rp2040/dcd_rp2040.c.obj
 .text.dcd_int_enable
                0x10004e0c       0x2c CMakeFiles/project.dir/Users/heinrich/Downloads/Pico/pico-sdk/lib/tinyusb/src/portable/raspberrypi/rp2040/dcd_rp2040.c.obj
                0x10004e0c                dcd_int_enable
 .text.dcd_set_address
                0x10004e38       0x2c CMakeFiles/project.dir/Users/heinrich/Downloads/Pico/pico-sdk/lib/tinyusb/src/portable/raspberrypi/rp2040/dcd_rp2040.c.obj
                0x10004e38                dcd_set_address
 .text.dcd_connect
                0x10004e64       0x10 CMakeFiles/project.dir/Users/heinrich/Downloads/Pico/pico-sdk/lib/tinyusb/src/portable/raspberrypi/rp2040/dcd_rp2040.c.obj
                0x10004e64                dcd_connect
 .text.dcd_init
                0x10004e74       0x80 CMakeFiles/project.dir/Users/heinrich/Downloads/Pico/pico-sdk/lib/tinyusb/src/portable/raspberrypi/rp2040/dcd_rp2040.c.obj
                0x10004e74                dcd_init
 .text.dcd_edpt0_status_complete
                0x10004ef4       0x1c CMakeFiles/project.dir/Users/heinrich/Downloads/Pico/pico-sdk/lib/tinyusb/src/portable/raspberrypi/rp2040/dcd_rp2040.c.obj
                0x10004ef4                dcd_edpt0_status_complete
 .text.dcd_edpt_open
                0x10004f10       0x40 CMakeFiles/project.dir/Users/heinrich/Downloads/Pico/pico-sdk/lib/tinyusb/src/portable/raspberrypi/rp2040/dcd_rp2040.c.obj
                0x10004f10                dcd_edpt_open
 .text.dcd_edpt_close_all
                0x10004f50        0x8 CMakeFiles/project.dir/Users/heinrich/Downloads/Pico/pico-sdk/lib/tinyusb/src/portable/raspberrypi/rp2040/dcd_rp2040.c.obj
                0x10004f50                dcd_edpt_close_all
 .text.dcd_edpt_xfer
                0x10004f58       0x34 CMakeFiles/project.dir/Users/heinrich/Downloads/Pico/pico-sdk/lib/tinyusb/src/portable/raspberrypi/rp2040/dcd_rp2040.c.obj
                0x10004f58                dcd_edpt_xfer
 .text.dcd_edpt_stall
                0x10004f8c       0x2c CMakeFiles/project.dir/Users/heinrich/Downloads/Pico/pico-sdk/lib/tinyusb/src/portable/raspberrypi/rp2040/dcd_rp2040.c.obj
                0x10004f8c                dcd_edpt_stall
 .text.dcd_edpt_clear_stall
                0x10004fb8       0x20 CMakeFiles/project.dir/Users/heinrich/Downloads/Pico/pico-sdk/lib/tinyusb/src/portable/raspberrypi/rp2040/dcd_rp2040.c.obj
                0x10004fb8                dcd_edpt_clear_stall
 .text.rp2040_usb_init
                0x10004fd8       0x4c CMakeFiles/project.dir/Users/heinrich/Downloads/Pico/pico-sdk/lib/tinyusb/src/portable/raspberrypi/rp2040/rp2040_usb.c.obj
                0x10004fd8                rp2040_usb_init
 .text.hw_endpoint_xfer_start
                0x10005024       0x50 CMakeFiles/project.dir/Users/heinrich/Downloads/Pico/pico-sdk/lib/tinyusb/src/portable/raspberrypi/rp2040/rp2040_usb.c.obj
                0x10005024                hw_endpoint_xfer_start
 .text.configuration_reset
                0x10005074       0x84 CMakeFiles/project.dir/Users/heinrich/Downloads/Pico/pico-sdk/lib/tinyusb/src/device/usbd.c.obj
 .text.critical_section_enter_blocking
                0x100050f8       0x16 CMakeFiles/project.dir/Users/heinrich/Downloads/Pico/pico-sdk/lib/tinyusb/src/device/usbd.c.obj
 .text.usbd_reset
                0x1000510e        0xc CMakeFiles/project.dir/Users/heinrich/Downloads/Pico/pico-sdk/lib/tinyusb/src/device/usbd.c.obj
 .text.invoke_class_control
                0x1000511a       0x1a CMakeFiles/project.dir/Users/heinrich/Downloads/Pico/pico-sdk/lib/tinyusb/src/device/usbd.c.obj
 .text.process_set_config
                0x10005134      0x178 CMakeFiles/project.dir/Users/heinrich/Downloads/Pico/pico-sdk/lib/tinyusb/src/device/usbd.c.obj
 .text.process_get_descriptor
                0x100052ac       0xdc CMakeFiles/project.dir/Users/heinrich/Downloads/Pico/pico-sdk/lib/tinyusb/src/device/usbd.c.obj
 .text.tud_mounted
                0x10005388       0x10 CMakeFiles/project.dir/Users/heinrich/Downloads/Pico/pico-sdk/lib/tinyusb/src/device/usbd.c.obj
                0x10005388                tud_mounted
 .text.tud_suspended
                0x10005398       0x10 CMakeFiles/project.dir/Users/heinrich/Downloads/Pico/pico-sdk/lib/tinyusb/src/device/usbd.c.obj
                0x10005398                tud_suspended
 .text.tud_inited
                0x100053a8       0x14 CMakeFiles/project.dir/Users/heinrich/Downloads/Pico/pico-sdk/lib/tinyusb/src/device/usbd.c.obj
                0x100053a8                tud_inited
 .text.tud_init
                0x100053bc       0xcc CMakeFiles/project.dir/Users/heinrich/Downloads/Pico/pico-sdk/lib/tinyusb/src/device/usbd.c.obj
                0x100053bc                tud_init
 .text.usbd_defer_func
                0x10005488       0x2a CMakeFiles/project.dir/Users/heinrich/Downloads/Pico/pico-sdk/lib/tinyusb/src/device/usbd.c.obj
                0x10005488                usbd_defer_func
 *fill*         0x100054b2        0x2 
 .text.usbd_edpt_open
                0x100054b4       0x34 CMakeFiles/project.dir/Users/heinrich/Downloads/Pico/pico-sdk/lib/tinyusb/src/device/usbd.c.obj
                0x100054b4                usbd_edpt_open
 .text.usbd_open_edpt_pair
                0x100054e8       0x62 CMakeFiles/project.dir/Users/heinrich/Downloads/Pico/pico-sdk/lib/tinyusb/src/device/usbd.c.obj
                0x100054e8                usbd_open_edpt_pair
 *fill*         0x1000554a        0x2 
 .text.usbd_edpt_claim
                0x1000554c       0x28 CMakeFiles/project.dir/Users/heinrich/Downloads/Pico/pico-sdk/lib/tinyusb/src/device/usbd.c.obj
                0x1000554c                usbd_edpt_claim
 .text.usbd_edpt_release
                0x10005574       0x28 CMakeFiles/project.dir/Users/heinrich/Downloads/Pico/pico-sdk/lib/tinyusb/src/device/usbd.c.obj
                0x10005574                usbd_edpt_release
 .text.usbd_edpt_xfer
                0x1000559c       0x78 CMakeFiles/project.dir/Users/heinrich/Downloads/Pico/pico-sdk/lib/tinyusb/src/device/usbd.c.obj
                0x1000559c                usbd_edpt_xfer
 .text.usbd_edpt_stall
                0x10005614       0x48 CMakeFiles/project.dir/Users/heinrich/Downloads/Pico/pico-sdk/lib/tinyusb/src/device/usbd.c.obj
                0x10005614                usbd_edpt_stall
 .text.usbd_edpt_clear_stall
                0x1000565c       0x48 CMakeFiles/project.dir/Users/heinrich/Downloads/Pico/pico-sdk/lib/tinyusb/src/device/usbd.c.obj
                0x1000565c                usbd_edpt_clear_stall
 .text.usbd_edpt_stalled
                0x100056a4       0x1c CMakeFiles/project.dir/Users/heinrich/Downloads/Pico/pico-sdk/lib/tinyusb/src/device/usbd.c.obj
                0x100056a4                usbd_edpt_stalled
 .text.process_control_request
                0x100056c0      0x374 CMakeFiles/project.dir/Users/heinrich/Downloads/Pico/pico-sdk/lib/tinyusb/src/device/usbd.c.obj
 .text.tud_task_ext
                0x10005a34      0x1a8 CMakeFiles/project.dir/Users/heinrich/Downloads/Pico/pico-sdk/lib/tinyusb/src/device/usbd.c.obj
                0x10005a34                tud_task_ext
 .text._status_stage_xact
                0x10005bdc       0x1a CMakeFiles/project.dir/Users/heinrich/Downloads/Pico/pico-sdk/lib/tinyusb/src/device/usbd_control.c.obj
 *fill*         0x10005bf6        0x2 
 .text._data_stage_xact
                0x10005bf8       0x58 CMakeFiles/project.dir/Users/heinrich/Downloads/Pico/pico-sdk/lib/tinyusb/src/device/usbd_control.c.obj
 .text.tud_control_status
                0x10005c50       0x28 CMakeFiles/project.dir/Users/heinrich/Downloads/Pico/pico-sdk/lib/tinyusb/src/device/usbd_control.c.obj
                0x10005c50                tud_control_status
 .text.tud_control_xfer
                0x10005c78       0x68 CMakeFiles/project.dir/Users/heinrich/Downloads/Pico/pico-sdk/lib/tinyusb/src/device/usbd_control.c.obj
                0x10005c78                tud_control_xfer
 .text.usbd_control_reset
                0x10005ce0       0x14 CMakeFiles/project.dir/Users/heinrich/Downloads/Pico/pico-sdk/lib/tinyusb/src/device/usbd_control.c.obj
                0x10005ce0                usbd_control_reset
 .text.usbd_control_set_complete_callback
                0x10005cf4        0xc CMakeFiles/project.dir/Users/heinrich/Downloads/Pico/pico-sdk/lib/tinyusb/src/device/usbd_control.c.obj
                0x10005cf4                usbd_control_set_complete_callback
 .text.usbd_control_set_request
                0x10005d00       0x1c CMakeFiles/project.dir/Users/heinrich/Downloads/Pico/pico-sdk/lib/tinyusb/src/device/usbd_control.c.obj
                0x10005d00                usbd_control_set_request
 .text.usbd_control_xfer_cb
                0x10005d1c       0xbc CMakeFiles/project.dir/Users/heinrich/Downloads/Pico/pico-sdk/lib/tinyusb/src/device/usbd_control.c.obj
                0x10005d1c                usbd_control_xfer_cb
 .text._prep_out_transaction
                0x10005dd8       0x4a CMakeFiles/project.dir/Users/heinrich/Downloads/Pico/pico-sdk/lib/tinyusb/src/class/cdc/cdc_device.c.obj
 *fill*         0x10005e22        0x2 
 .text.tud_cdc_n_connected
                0x10005e24       0x38 CMakeFiles/project.dir/Users/heinrich/Downloads/Pico/pico-sdk/lib/tinyusb/src/class/cdc/cdc_device.c.obj
                0x10005e24                tud_cdc_n_connected
 .text.tud_cdc_n_available
                0x10005e5c       0x18 CMakeFiles/project.dir/Users/heinrich/Downloads/Pico/pico-sdk/lib/tinyusb/src/class/cdc/cdc_device.c.obj
                0x10005e5c                tud_cdc_n_available
 .text.tud_cdc_n_read
                0x10005e74       0x28 CMakeFiles/project.dir/Users/heinrich/Downloads/Pico/pico-sdk/lib/tinyusb/src/class/cdc/cdc_device.c.obj
                0x10005e74                tud_cdc_n_read
 .text.tud_cdc_n_write_flush
                0x10005e9c       0xb8 CMakeFiles/project.dir/Users/heinrich/Downloads/Pico/pico-sdk/lib/tinyusb/src/class/cdc/cdc_device.c.obj
                0x10005e9c                tud_cdc_n_write_flush
 .text.tud_cdc_n_write
                0x10005f54       0x38 CMakeFiles/project.dir/Users/heinrich/Downloads/Pico/pico-sdk/lib/tinyusb/src/class/cdc/cdc_device.c.obj
                0x10005f54                tud_cdc_n_write
 .text.tud_cdc_n_write_available
                0x10005f8c       0x1c CMakeFiles/project.dir/Users/heinrich/Downloads/Pico/pico-sdk/lib/tinyusb/src/class/cdc/cdc_device.c.obj
                0x10005f8c                tud_cdc_n_write_available
 .text.cdcd_init
                0x10005fa8       0xbc CMakeFiles/project.dir/Users/heinrich/Downloads/Pico/pico-sdk/lib/tinyusb/src/class/cdc/cdc_device.c.obj
                0x10005fa8                cdcd_init
 .text.cdcd_reset
                0x10006064       0x44 CMakeFiles/project.dir/Users/heinrich/Downloads/Pico/pico-sdk/lib/tinyusb/src/class/cdc/cdc_device.c.obj
                0x10006064                cdcd_reset
 .text.cdcd_open
                0x100060a8       0xc4 CMakeFiles/project.dir/Users/heinrich/Downloads/Pico/pico-sdk/lib/tinyusb/src/class/cdc/cdc_device.c.obj
                0x100060a8                cdcd_open
 .text.cdcd_control_xfer_cb
                0x1000616c      0x134 CMakeFiles/project.dir/Users/heinrich/Downloads/Pico/pico-sdk/lib/tinyusb/src/class/cdc/cdc_device.c.obj
                0x1000616c                cdcd_control_xfer_cb
 .text.cdcd_xfer_cb
                0x100062a0      0x130 CMakeFiles/project.dir/Users/heinrich/Downloads/Pico/pico-sdk/lib/tinyusb/src/class/cdc/cdc_device.c.obj
                0x100062a0                cdcd_xfer_cb
 .text.tusb_init
                0x100063d0        0xa CMakeFiles/project.dir/Users/heinrich/Downloads/Pico/pico-sdk/lib/tinyusb/src/tusb.c.obj
                0x100063d0                tusb_init
 .text.tusb_inited
                0x100063da        0xe CMakeFiles/project.dir/Users/heinrich/Downloads/Pico/pico-sdk/lib/tinyusb/src/tusb.c.obj
                0x100063da                tusb_inited
 .text.tu_edpt_claim
                0x100063e8       0x50 CMakeFiles/project.dir/Users/heinrich/Downloads/Pico/pico-sdk/lib/tinyusb/src/tusb.c.obj
                0x100063e8                tu_edpt_claim
 .text.tu_edpt_release
                0x10006438       0x38 CMakeFiles/project.dir/Users/heinrich/Downloads/Pico/pico-sdk/lib/tinyusb/src/tusb.c.obj
                0x10006438                tu_edpt_release
 .text.tu_edpt_validate
                0x10006470       0x78 CMakeFiles/project.dir/Users/heinrich/Downloads/Pico/pico-sdk/lib/tinyusb/src/tusb.c.obj
                0x10006470                tu_edpt_validate
 .text.tu_edpt_bind_driver
                0x100064e8       0x26 CMakeFiles/project.dir/Users/heinrich/Downloads/Pico/pico-sdk/lib/tinyusb/src/tusb.c.obj
                0x100064e8                tu_edpt_bind_driver
 .text.advance_index
                0x1000650e       0x1a CMakeFiles/project.dir/Users/heinrich/Downloads/Pico/pico-sdk/lib/tinyusb/src/common/tusb_fifo.c.obj
 .text._tu_fifo_peek
                0x10006528       0x56 CMakeFiles/project.dir/Users/heinrich/Downloads/Pico/pico-sdk/lib/tinyusb/src/common/tusb_fifo.c.obj
 .text._ff_pull_const_addr
                0x1000657e       0x4c CMakeFiles/project.dir/Users/heinrich/Downloads/Pico/pico-sdk/lib/tinyusb/src/common/tusb_fifo.c.obj
 .text._ff_pull_n
                0x100065ca      0x110 CMakeFiles/project.dir/Users/heinrich/Downloads/Pico/pico-sdk/lib/tinyusb/src/common/tusb_fifo.c.obj
 .text._tu_fifo_peek_n
                0x100066da       0x6a CMakeFiles/project.dir/Users/heinrich/Downloads/Pico/pico-sdk/lib/tinyusb/src/common/tusb_fifo.c.obj
 .text._tu_fifo_read_n
                0x10006744       0x4e CMakeFiles/project.dir/Users/heinrich/Downloads/Pico/pico-sdk/lib/tinyusb/src/common/tusb_fifo.c.obj
 .text._ff_push_const_addr
                0x10006792       0x40 CMakeFiles/project.dir/Users/heinrich/Downloads/Pico/pico-sdk/lib/tinyusb/src/common/tusb_fifo.c.obj
 .text._ff_push_n
                0x100067d2      0x10c CMakeFiles/project.dir/Users/heinrich/Downloads/Pico/pico-sdk/lib/tinyusb/src/common/tusb_fifo.c.obj
 .text._tu_fifo_write_n
                0x100068de       0xf0 CMakeFiles/project.dir/Users/heinrich/Downloads/Pico/pico-sdk/lib/tinyusb/src/common/tusb_fifo.c.obj
 .text.tu_fifo_config
                0x100069ce       0x7c CMakeFiles/project.dir/Users/heinrich/Downloads/Pico/pico-sdk/lib/tinyusb/src/common/tusb_fifo.c.obj
                0x100069ce                tu_fifo_config
 .text.tu_fifo_count
                0x10006a4a       0x2a CMakeFiles/project.dir/Users/heinrich/Downloads/Pico/pico-sdk/lib/tinyusb/src/common/tusb_fifo.c.obj
                0x10006a4a                tu_fifo_count
 .text.tu_fifo_empty
                0x10006a74        0xe CMakeFiles/project.dir/Users/heinrich/Downloads/Pico/pico-sdk/lib/tinyusb/src/common/tusb_fifo.c.obj
                0x10006a74                tu_fifo_empty
 .text.tu_fifo_full
                0x10006a82       0x28 CMakeFiles/project.dir/Users/heinrich/Downloads/Pico/pico-sdk/lib/tinyusb/src/common/tusb_fifo.c.obj
                0x10006a82                tu_fifo_full
 .text.tu_fifo_remaining
                0x10006aaa       0x2c CMakeFiles/project.dir/Users/heinrich/Downloads/Pico/pico-sdk/lib/tinyusb/src/common/tusb_fifo.c.obj
                0x10006aaa                tu_fifo_remaining
 .text.tu_fifo_read
                0x10006ad6       0x42 CMakeFiles/project.dir/Users/heinrich/Downloads/Pico/pico-sdk/lib/tinyusb/src/common/tusb_fifo.c.obj
                0x10006ad6                tu_fifo_read
 .text.tu_fifo_read_n
                0x10006b18        0xa CMakeFiles/project.dir/Users/heinrich/Downloads/Pico/pico-sdk/lib/tinyusb/src/common/tusb_fifo.c.obj
                0x10006b18                tu_fifo_read_n
 .text.tu_fifo_write
                0x10006b22       0x64 CMakeFiles/project.dir/Users/heinrich/Downloads/Pico/pico-sdk/lib/tinyusb/src/common/tusb_fifo.c.obj
                0x10006b22                tu_fifo_write
 .text.tu_fifo_write_n
                0x10006b86        0xa CMakeFiles/project.dir/Users/heinrich/Downloads/Pico/pico-sdk/lib/tinyusb/src/common/tusb_fifo.c.obj
                0x10006b86                tu_fifo_write_n
 .text.tu_fifo_clear
                0x10006b90       0x3e CMakeFiles/project.dir/Users/heinrich/Downloads/Pico/pico-sdk/lib/tinyusb/src/common/tusb_fifo.c.obj
                0x10006b90                tu_fifo_clear
 .text.tu_fifo_set_overwritable
                0x10006bce       0x46 CMakeFiles/project.dir/Users/heinrich/Downloads/Pico/pico-sdk/lib/tinyusb/src/common/tusb_fifo.c.obj
                0x10006bce                tu_fifo_set_overwritable
 .text.i2c_write_blocking_internal
                0x10006c14      0x146 CMakeFiles/project.dir/Users/heinrich/Downloads/Pico/pico-sdk/src/rp2_common/hardware_i2c/i2c.c.obj
 .text.i2c_read_blocking_internal
                0x10006d5a       0xe6 CMakeFiles/project.dir/Users/heinrich/Downloads/Pico/pico-sdk/src/rp2_common/hardware_i2c/i2c.c.obj
 .text.i2c_set_baudrate
                0x10006e40       0xf0 CMakeFiles/project.dir/Users/heinrich/Downloads/Pico/pico-sdk/src/rp2_common/hardware_i2c/i2c.c.obj
                0x10006e40                i2c_set_baudrate
 .text.i2c_init
                0x10006f30       0x58 CMakeFiles/project.dir/Users/heinrich/Downloads/Pico/pico-sdk/src/rp2_common/hardware_i2c/i2c.c.obj
                0x10006f30                i2c_init
 .text.i2c_write_blocking
                0x10006f88       0x18 CMakeFiles/project.dir/Users/heinrich/Downloads/Pico/pico-sdk/src/rp2_common/hardware_i2c/i2c.c.obj
                0x10006f88                i2c_write_blocking
 .text.i2c_read_blocking
                0x10006fa0       0x18 CMakeFiles/project.dir/Users/heinrich/Downloads/Pico/pico-sdk/src/rp2_common/hardware_i2c/i2c.c.obj
                0x10006fa0                i2c_read_blocking
 .text.strlen   0x10006fb8       0x5c /Applications/ArmGNUToolchain/13.2.Rel1/arm-none-eabi/bin/../lib/gcc/arm-none-eabi/13.2.1/../../../../arm-none-eabi/lib/thumb/v6-m/nofp/libg.a(libc_a-strlen-stub.o)
                0x10006fb8                strlen
 *(.fini)
 .fini          0x10007014        0x4 /Applications/ArmGNUToolchain/13.2.Rel1/arm-none-eabi/bin/../lib/gcc/arm-none-eabi/13.2.1/thumb/v6-m/nofp/crti.o
                0x10007014                _fini
 .fini.__stub   0x10007018       0xe0 linker stubs
 *crtbegin.o(.ctors)
 *crtbegin?.o(.ctors)
 *(EXCLUDE_FILE(*crtend.o *crtend?.o) .ctors)
 *(SORT_BY_NAME(.ctors.*))
 *(.ctors)
 *crtbegin.o(.dtors)
 *crtbegin?.o(.dtors)
 *(EXCLUDE_FILE(*crtend.o *crtend?.o) .dtors)
 *(SORT_BY_NAME(.dtors.*))
 *(.dtors)
 *(.eh_frame*)
 .eh_frame      0x100070f8        0x0 /Applications/ArmGNUToolchain/13.2.Rel1/arm-none-eabi/bin/../lib/gcc/arm-none-eabi/13.2.1/thumb/v6-m/nofp/crtbegin.o
                0x100070f8                        . = ALIGN (0x4)

.glue_7         0x100070f8        0x0
 .glue_7        0x100070f8        0x0 linker stubs

.glue_7t        0x100070f8        0x0
 .glue_7t       0x100070f8        0x0 linker stubs

.vfp11_veneer   0x100070f8        0x0
 .vfp11_veneer  0x100070f8        0x0 linker stubs

.v4_bx          0x100070f8        0x0
 .v4_bx         0x100070f8        0x0 linker stubs

.iplt           0x100070f8        0x0
 .iplt          0x100070f8        0x0 /Applications/ArmGNUToolchain/13.2.Rel1/arm-none-eabi/bin/../lib/gcc/arm-none-eabi/13.2.1/thumb/v6-m/nofp/crtbegin.o

.rodata         0x100070f8     0x165c
 *(EXCLUDE_FILE(*libm.a: *libc.a:*lib_a-mem*.o *libgcc.a:) .rodata*)
 .rodata.spin_lock_claim_unused.str1.4
                0x100070f8      0xf9e CMakeFiles/project.dir/Users/heinrich/Downloads/Pico/pico-sdk/src/rp2_common/hardware_sync/sync.c.obj
                                 0x1b (size before relaxing)
 .rodata.resolve_branch.str1.4
                0x10008096       0x62 CMakeFiles/project.dir/Users/heinrich/Downloads/Pico/pico-sdk/src/rp2_common/hardware_irq/irq.c.obj
 .rodata.make_branch.str1.4
                0x10008096       0x30 CMakeFiles/project.dir/Users/heinrich/Downloads/Pico/pico-sdk/src/rp2_common/hardware_irq/irq.c.obj
 .rodata.insert_branch_and_link.str1.4
                0x10008096       0x10 CMakeFiles/project.dir/Users/heinrich/Downloads/Pico/pico-sdk/src/rp2_common/hardware_irq/irq.c.obj
 .rodata.irq_set_exclusive_handler.str1.4
                0x10008096       0x36 CMakeFiles/project.dir/Users/heinrich/Downloads/Pico/pico-sdk/src/rp2_common/hardware_irq/irq.c.obj
 .rodata.irq_add_shared_handler.str1.4
                0x10008096       0xc2 CMakeFiles/project.dir/Users/heinrich/Downloads/Pico/pico-sdk/src/rp2_common/hardware_irq/irq.c.obj
 .rodata.irq_remove_handler.str1.4
                0x10008096       0x3a CMakeFiles/project.dir/Users/heinrich/Downloads/Pico/pico-sdk/src/rp2_common/hardware_irq/irq.c.obj
 .rodata.irq_add_tail_to_free_list.str1.4
                0x10008096       0x3a CMakeFiles/project.dir/Users/heinrich/Downloads/Pico/pico-sdk/src/rp2_common/hardware_irq/irq.c.obj
 .rodata.user_irq_claim_unused.str1.4
                0x10008096       0x1b CMakeFiles/project.dir/Users/heinrich/Downloads/Pico/pico-sdk/src/rp2_common/hardware_irq/irq.c.obj
 *fill*         0x10008096        0x2 
 .rodata.__func__.0
                0x10008098       0x1a CMakeFiles/project.dir/Users/heinrich/Downloads/Pico/pico-sdk/src/rp2_common/hardware_irq/irq.c.obj
 *fill*         0x100080b2        0x2 
 .rodata.__func__.1
                0x100080b4       0x17 CMakeFiles/project.dir/Users/heinrich/Downloads/Pico/pico-sdk/src/rp2_common/hardware_irq/irq.c.obj
 *fill*         0x100080cb        0x1 
 .rodata.__func__.2
                0x100080cc       0x13 CMakeFiles/project.dir/Users/heinrich/Downloads/Pico/pico-sdk/src/rp2_common/hardware_irq/irq.c.obj
 *fill*         0x100080df        0x1 
 .rodata.__func__.3
                0x100080e0        0xc CMakeFiles/project.dir/Users/heinrich/Downloads/Pico/pico-sdk/src/rp2_common/hardware_irq/irq.c.obj
 .rodata.__func__.4
                0x100080ec        0xf CMakeFiles/project.dir/Users/heinrich/Downloads/Pico/pico-sdk/src/rp2_common/hardware_irq/irq.c.obj
 *fill*         0x100080fb        0x1 
 .rodata.__func__.5
                0x100080fc       0x17 CMakeFiles/project.dir/Users/heinrich/Downloads/Pico/pico-sdk/src/rp2_common/hardware_irq/irq.c.obj
 *fill*         0x10008113        0x1 
 .rodata.__func__.6
                0x10008114       0x1a CMakeFiles/project.dir/Users/heinrich/Downloads/Pico/pico-sdk/src/rp2_common/hardware_irq/irq.c.obj
 .rodata.update_us_since_boot.str1.4
                0x1000812e       0x6e CMakeFiles/project.dir/Users/heinrich/Downloads/Pico/pico-sdk/src/common/pico_sync/mutex.c.obj
 .rodata.str1.4
                0x1000812e       0x99 CMakeFiles/project.dir/Users/heinrich/Downloads/Pico/pico-sdk/src/common/pico_sync/mutex.c.obj
 *fill*         0x1000812e        0x2 
 .rodata.__func__.1
                0x10008130        0xb CMakeFiles/project.dir/Users/heinrich/Downloads/Pico/pico-sdk/src/common/pico_sync/mutex.c.obj
 *fill*         0x1000813b        0x1 
 .rodata.__func__.3
                0x1000813c       0x18 CMakeFiles/project.dir/Users/heinrich/Downloads/Pico/pico-sdk/src/common/pico_sync/mutex.c.obj
 .rodata.__func__.4
                0x10008154       0x15 CMakeFiles/project.dir/Users/heinrich/Downloads/Pico/pico-sdk/src/common/pico_sync/mutex.c.obj
 .rodata.get_entry.str1.4
                0x10008169       0x68 CMakeFiles/project.dir/Users/heinrich/Downloads/Pico/pico-sdk/src/common/pico_time/time.c.obj
 .rodata.update_us_since_boot.str1.4
                0x10008169       0x6e CMakeFiles/project.dir/Users/heinrich/Downloads/Pico/pico-sdk/src/common/pico_time/time.c.obj
 .rodata.ph_get_node.str1.4
                0x10008169       0x73 CMakeFiles/project.dir/Users/heinrich/Downloads/Pico/pico-sdk/src/common/pico_time/time.c.obj
 .rodata.ph_add_child_node.str1.4
                0x10008169       0x2e CMakeFiles/project.dir/Users/heinrich/Downloads/Pico/pico-sdk/src/common/pico_time/time.c.obj
 .rodata.ph_insert_node.str1.4
                0x10008169        0x3 CMakeFiles/project.dir/Users/heinrich/Downloads/Pico/pico-sdk/src/common/pico_time/time.c.obj
 .rodata.ph_free_node.str1.4
                0x10008169       0x38 CMakeFiles/project.dir/Users/heinrich/Downloads/Pico/pico-sdk/src/common/pico_time/time.c.obj
 .rodata.add_alarm_under_lock.str1.4
                0x10008169       0x28 CMakeFiles/project.dir/Users/heinrich/Downloads/Pico/pico-sdk/src/common/pico_time/time.c.obj
 .rodata.alarm_pool_alarm_callback.str1.4
                0x10008169       0x60 CMakeFiles/project.dir/Users/heinrich/Downloads/Pico/pico-sdk/src/common/pico_time/time.c.obj
 .rodata.alarm_pool_get_default.str1.4
                0x10008169       0x21 CMakeFiles/project.dir/Users/heinrich/Downloads/Pico/pico-sdk/src/common/pico_time/time.c.obj
 .rodata.alarm_pool_cancel_alarm.str1.4
                0x10008169       0x27 CMakeFiles/project.dir/Users/heinrich/Downloads/Pico/pico-sdk/src/common/pico_time/time.c.obj
 .rodata.sleep_until.str1.4
                0x10008169       0x4d CMakeFiles/project.dir/Users/heinrich/Downloads/Pico/pico-sdk/src/common/pico_time/time.c.obj
 *fill*         0x10008169        0x3 
 .rodata.__func__.1
                0x1000816c       0x18 CMakeFiles/project.dir/Users/heinrich/Downloads/Pico/pico-sdk/src/common/pico_time/time.c.obj
 .rodata.__func__.3
                0x10008184       0x17 CMakeFiles/project.dir/Users/heinrich/Downloads/Pico/pico-sdk/src/common/pico_time/time.c.obj
 *fill*         0x1000819b        0x1 
 .rodata.__func__.4
                0x1000819c       0x12 CMakeFiles/project.dir/Users/heinrich/Downloads/Pico/pico-sdk/src/common/pico_time/time.c.obj
 *fill*         0x100081ae        0x2 
 .rodata.__func__.5
                0x100081b0        0xd CMakeFiles/project.dir/Users/heinrich/Downloads/Pico/pico-sdk/src/common/pico_time/time.c.obj
 *fill*         0x100081bd        0x3 
 .rodata.__func__.6
                0x100081c0       0x12 CMakeFiles/project.dir/Users/heinrich/Downloads/Pico/pico-sdk/src/common/pico_time/time.c.obj
 *fill*         0x100081d2        0x2 
 .rodata.__func__.7
                0x100081d4        0xf CMakeFiles/project.dir/Users/heinrich/Downloads/Pico/pico-sdk/src/common/pico_time/time.c.obj
 *fill*         0x100081e3        0x1 
 .rodata.__func__.8
                0x100081e4        0xc CMakeFiles/project.dir/Users/heinrich/Downloads/Pico/pico-sdk/src/common/pico_time/time.c.obj
 .rodata.__func__.9
                0x100081f0       0x15 CMakeFiles/project.dir/Users/heinrich/Downloads/Pico/pico-sdk/src/common/pico_time/time.c.obj
 *fill*         0x10008205        0x3 
 .rodata.__func__.10
                0x10008208       0x15 CMakeFiles/project.dir/Users/heinrich/Downloads/Pico/pico-sdk/src/common/pico_time/time.c.obj
 *fill*         0x1000821d        0x3 
 .rodata.__func__.11
                0x10008220       0x1a CMakeFiles/project.dir/Users/heinrich/Downloads/Pico/pico-sdk/src/common/pico_time/time.c.obj
 *fill*         0x1000823a        0x2 
 .rodata.__func__.12
                0x1000823c        0xa CMakeFiles/project.dir/Users/heinrich/Downloads/Pico/pico-sdk/src/common/pico_time/time.c.obj
 .rodata.hardware_alarm_claim.str1.4
                0x10008246       0x22 CMakeFiles/project.dir/Users/heinrich/Downloads/Pico/pico-sdk/src/rp2_common/hardware_timer/timer.c.obj
 .rodata.hardware_alarm_set_target.str1.4
                0x10008246       0x72 CMakeFiles/project.dir/Users/heinrich/Downloads/Pico/pico-sdk/src/rp2_common/hardware_timer/timer.c.obj
 *fill*         0x10008246        0x2 
 .rodata.__func__.0
                0x10008248       0x1a CMakeFiles/project.dir/Users/heinrich/Downloads/Pico/pico-sdk/src/rp2_common/hardware_timer/timer.c.obj
 .rodata.ph_get_node.str1.4
                0x10008262       0x73 CMakeFiles/project.dir/Users/heinrich/Downloads/Pico/pico-sdk/src/common/pico_util/pheap.c.obj
 .rodata.ph_add_child_node.str1.4
                0x10008262       0x2e CMakeFiles/project.dir/Users/heinrich/Downloads/Pico/pico-sdk/src/common/pico_util/pheap.c.obj
 .rodata.ph_remove_any_head.str1.4
                0x10008262       0xb0 CMakeFiles/project.dir/Users/heinrich/Downloads/Pico/pico-sdk/src/common/pico_util/pheap.c.obj
 .rodata.ph_remove_and_free_node.str1.4
                0x10008262       0x26 CMakeFiles/project.dir/Users/heinrich/Downloads/Pico/pico-sdk/src/common/pico_util/pheap.c.obj
 *fill*         0x10008262        0x2 
 .rodata.__func__.0
                0x10008264       0x18 CMakeFiles/project.dir/Users/heinrich/Downloads/Pico/pico-sdk/src/common/pico_util/pheap.c.obj
 .rodata.__func__.1
                0x1000827c       0x13 CMakeFiles/project.dir/Users/heinrich/Downloads/Pico/pico-sdk/src/common/pico_util/pheap.c.obj
 *fill*         0x1000828f        0x1 
 .rodata.__func__.2
                0x10008290       0x12 CMakeFiles/project.dir/Users/heinrich/Downloads/Pico/pico-sdk/src/common/pico_util/pheap.c.obj
 *fill*         0x100082a2        0x2 
 .rodata.__func__.3
                0x100082a4        0xc CMakeFiles/project.dir/Users/heinrich/Downloads/Pico/pico-sdk/src/common/pico_util/pheap.c.obj
 .rodata.clock_configure.str1.4
                0x100082b0       0x64 CMakeFiles/project.dir/Users/heinrich/Downloads/Pico/pico-sdk/src/rp2_common/hardware_clocks/clocks.c.obj
 .rodata.__func__.1
                0x100082b0       0x10 CMakeFiles/project.dir/Users/heinrich/Downloads/Pico/pico-sdk/src/rp2_common/hardware_clocks/clocks.c.obj
 .rodata.pll_init.str1.4
                0x100082c0      0x130 CMakeFiles/project.dir/Users/heinrich/Downloads/Pico/pico-sdk/src/rp2_common/hardware_pll/pll.c.obj
 .rodata.__func__.0
                0x100082c0        0x9 CMakeFiles/project.dir/Users/heinrich/Downloads/Pico/pico-sdk/src/rp2_common/hardware_pll/pll.c.obj
 .rodata.__assert_func.str1.4
                0x100082c9       0x43 CMakeFiles/project.dir/Users/heinrich/Downloads/Pico/pico-sdk/src/rp2_common/pico_runtime/runtime.c.obj
 .rodata.runtime_init.str1.4
                0x100082c9       0x6e CMakeFiles/project.dir/Users/heinrich/Downloads/Pico/pico-sdk/src/rp2_common/pico_runtime/runtime.c.obj
 .rodata.panic.str1.4
                0x100082c9       0x12 CMakeFiles/project.dir/Users/heinrich/Downloads/Pico/pico-sdk/src/rp2_common/pico_runtime/runtime.c.obj
 *fill*         0x100082c9        0x3 
 .rodata.__func__.2
                0x100082cc        0xd CMakeFiles/project.dir/Users/heinrich/Downloads/Pico/pico-sdk/src/rp2_common/pico_runtime/runtime.c.obj
 .rodata._ftoa.str1.4
                0x100082d9       0x15 CMakeFiles/project.dir/Users/heinrich/Downloads/Pico/pico-sdk/src/rp2_common/pico_printf/printf.c.obj
 *fill*         0x100082d9        0x3 
 .rodata._vsnprintf
                0x100082dc      0x19c CMakeFiles/project.dir/Users/heinrich/Downloads/Pico/pico-sdk/src/rp2_common/pico_printf/printf.c.obj
 .rodata.pow10.0
                0x10008478       0x50 CMakeFiles/project.dir/Users/heinrich/Downloads/Pico/pico-sdk/src/rp2_common/pico_printf/printf.c.obj
 .rodata.__aeabi_double_init.str1.4
                0x100084c8       0xa9 CMakeFiles/project.dir/Users/heinrich/Downloads/Pico/pico-sdk/src/rp2_common/pico_double/double_init_rom.c.obj
 .rodata.__func__.0
                0x100084c8       0x14 CMakeFiles/project.dir/Users/heinrich/Downloads/Pico/pico-sdk/src/rp2_common/pico_double/double_init_rom.c.obj
 .rodata.__aeabi_float_init.str1.4
                0x100084dc       0x8b CMakeFiles/project.dir/Users/heinrich/Downloads/Pico/pico-sdk/src/rp2_common/pico_float/float_init_rom.c.obj
 .rodata.__func__.0
                0x100084dc       0x13 CMakeFiles/project.dir/Users/heinrich/Downloads/Pico/pico-sdk/src/rp2_common/pico_float/float_init_rom.c.obj
 .rodata.str1.4
                0x100084ef       0x3c CMakeFiles/project.dir/Users/heinrich/Downloads/Pico/pico-sdk/src/rp2_common/pico_standard_link/binary_info.c.obj
 *fill*         0x100084ef        0x1 
 .rodata.__bi_81
                0x100084f0        0xc CMakeFiles/project.dir/Users/heinrich/Downloads/Pico/pico-sdk/src/rp2_common/pico_standard_link/binary_info.c.obj
 .rodata.__bi_75
                0x100084fc        0xc CMakeFiles/project.dir/Users/heinrich/Downloads/Pico/pico-sdk/src/rp2_common/pico_standard_link/binary_info.c.obj
 .rodata.__bi_44
                0x10008508        0xc CMakeFiles/project.dir/Users/heinrich/Downloads/Pico/pico-sdk/src/rp2_common/pico_standard_link/binary_info.c.obj
 .rodata.update_us_since_boot.str1.4
                0x10008514       0x6e CMakeFiles/project.dir/Users/heinrich/Downloads/Pico/pico-sdk/src/rp2_common/pico_stdio/stdio.c.obj
 .rodata.crlf_str.2
                0x10008514        0x2 CMakeFiles/project.dir/Users/heinrich/Downloads/Pico/pico-sdk/src/rp2_common/pico_stdio/stdio.c.obj
 *fill*         0x10008516        0x2 
 .rodata.__func__.3
                0x10008518       0x15 CMakeFiles/project.dir/Users/heinrich/Downloads/Pico/pico-sdk/src/rp2_common/pico_stdio/stdio.c.obj
 *fill*         0x1000852d        0x3 
 .rodata._resetd_driver
                0x10008530       0x18 CMakeFiles/project.dir/Users/heinrich/Downloads/Pico/pico-sdk/src/rp2_common/pico_stdio_usb/reset_interface.c.obj
 .rodata.update_us_since_boot.str1.4
                0x10008548       0x6e CMakeFiles/project.dir/Users/heinrich/Downloads/Pico/pico-sdk/src/rp2_common/pico_stdio_usb/stdio_usb.c.obj
 .rodata.stdio_usb_init.str1.4
                0x10008548       0x5a CMakeFiles/project.dir/Users/heinrich/Downloads/Pico/pico-sdk/src/rp2_common/pico_stdio_usb/stdio_usb.c.obj
 .rodata.str1.4
                0x10008548       0x13 CMakeFiles/project.dir/Users/heinrich/Downloads/Pico/pico-sdk/src/rp2_common/pico_stdio_usb/stdio_usb.c.obj
 .rodata.__bi_182.0
                0x10008548        0xc CMakeFiles/project.dir/Users/heinrich/Downloads/Pico/pico-sdk/src/rp2_common/pico_stdio_usb/stdio_usb.c.obj
 .rodata.__func__.1
                0x10008554        0xf CMakeFiles/project.dir/Users/heinrich/Downloads/Pico/pico-sdk/src/rp2_common/pico_stdio_usb/stdio_usb.c.obj
 *fill*         0x10008563        0x1 
 .rodata.__func__.3
                0x10008564       0x15 CMakeFiles/project.dir/Users/heinrich/Downloads/Pico/pico-sdk/src/rp2_common/pico_stdio_usb/stdio_usb.c.obj
 .rodata.str1.4
                0x10008579       0x2a CMakeFiles/project.dir/Users/heinrich/Downloads/Pico/pico-sdk/src/rp2_common/pico_stdio_usb/stdio_usb_descriptors.c.obj
 *fill*         0x10008579        0x3 
 .rodata.usbd_desc_str
                0x1000857c       0x18 CMakeFiles/project.dir/Users/heinrich/Downloads/Pico/pico-sdk/src/rp2_common/pico_stdio_usb/stdio_usb_descriptors.c.obj
 .rodata.usbd_desc_cfg
                0x10008594       0x54 CMakeFiles/project.dir/Users/heinrich/Downloads/Pico/pico-sdk/src/rp2_common/pico_stdio_usb/stdio_usb_descriptors.c.obj
 .rodata.usbd_desc_device
                0x100085e8       0x12 CMakeFiles/project.dir/Users/heinrich/Downloads/Pico/pico-sdk/src/rp2_common/pico_stdio_usb/stdio_usb_descriptors.c.obj
 .rodata.pico_get_unique_board_id_string.str1.4
                0x100085fa       0x5a CMakeFiles/project.dir/Users/heinrich/Downloads/Pico/pico-sdk/src/rp2_common/pico_unique_id/unique_id.c.obj
 *fill*         0x100085fa        0x2 
 .rodata.__func__.0
                0x100085fc       0x20 CMakeFiles/project.dir/Users/heinrich/Downloads/Pico/pico-sdk/src/rp2_common/pico_unique_id/unique_id.c.obj
 .rodata.str1.4
                0x1000861c      0x166 CMakeFiles/project.dir/Users/heinrich/Downloads/Pico/pico-sdk/src/rp2_common/hardware_flash/flash.c.obj
 .rodata.__func__.0
                0x1000861c        0xd CMakeFiles/project.dir/Users/heinrich/Downloads/Pico/pico-sdk/src/rp2_common/hardware_flash/flash.c.obj
 .rodata._hw_endpoint_alloc.str1.4
                0x10008629       0xc5 CMakeFiles/project.dir/Users/heinrich/Downloads/Pico/pico-sdk/lib/tinyusb/src/portable/raspberrypi/rp2040/dcd_rp2040.c.obj
 .rodata.str1.4
                0x10008629       0x14 CMakeFiles/project.dir/Users/heinrich/Downloads/Pico/pico-sdk/lib/tinyusb/src/portable/raspberrypi/rp2040/dcd_rp2040.c.obj
 .rodata.dcd_int_enable.str1.4
                0x10008629        0xc CMakeFiles/project.dir/Users/heinrich/Downloads/Pico/pico-sdk/lib/tinyusb/src/portable/raspberrypi/rp2040/dcd_rp2040.c.obj
 *fill*         0x10008629        0x3 
 .rodata.__func__.0
                0x1000862c        0xe CMakeFiles/project.dir/Users/heinrich/Downloads/Pico/pico-sdk/lib/tinyusb/src/portable/raspberrypi/rp2040/dcd_rp2040.c.obj
 *fill*         0x1000863a        0x2 
 .rodata.__func__.1
                0x1000863c        0xe CMakeFiles/project.dir/Users/heinrich/Downloads/Pico/pico-sdk/lib/tinyusb/src/portable/raspberrypi/rp2040/dcd_rp2040.c.obj
 *fill*         0x1000864a        0x2 
 .rodata.__func__.3
                0x1000864c       0x10 CMakeFiles/project.dir/Users/heinrich/Downloads/Pico/pico-sdk/lib/tinyusb/src/portable/raspberrypi/rp2040/dcd_rp2040.c.obj
 .rodata.__func__.5
                0x1000865c        0xf CMakeFiles/project.dir/Users/heinrich/Downloads/Pico/pico-sdk/lib/tinyusb/src/portable/raspberrypi/rp2040/dcd_rp2040.c.obj
 *fill*         0x1000866b        0x1 
 .rodata.__func__.6
                0x1000866c       0x13 CMakeFiles/project.dir/Users/heinrich/Downloads/Pico/pico-sdk/lib/tinyusb/src/portable/raspberrypi/rp2040/dcd_rp2040.c.obj
 *fill*         0x1000867f        0x1 
 .rodata.__func__.7
                0x10008680        0x9 CMakeFiles/project.dir/Users/heinrich/Downloads/Pico/pico-sdk/lib/tinyusb/src/portable/raspberrypi/rp2040/dcd_rp2040.c.obj
 .rodata.str1.4
                0x10008689       0xf7 CMakeFiles/project.dir/Users/heinrich/Downloads/Pico/pico-sdk/lib/tinyusb/src/portable/raspberrypi/rp2040/rp2040_usb.c.obj
 *fill*         0x10008689        0x3 
 .rodata.__func__.0
                0x1000868c        0xf CMakeFiles/project.dir/Users/heinrich/Downloads/Pico/pico-sdk/lib/tinyusb/src/portable/raspberrypi/rp2040/rp2040_usb.c.obj
 *fill*         0x1000869b        0x1 
 .rodata.process_get_descriptor
                0x1000869c       0x40 CMakeFiles/project.dir/Users/heinrich/Downloads/Pico/pico-sdk/lib/tinyusb/src/device/usbd.c.obj
 .rodata.process_control_request
                0x100086dc       0x28 CMakeFiles/project.dir/Users/heinrich/Downloads/Pico/pico-sdk/lib/tinyusb/src/device/usbd.c.obj
 .rodata.tud_task_ext
                0x10008704       0x24 CMakeFiles/project.dir/Users/heinrich/Downloads/Pico/pico-sdk/lib/tinyusb/src/device/usbd.c.obj
 .rodata._usbd_driver
                0x10008728       0x18 CMakeFiles/project.dir/Users/heinrich/Downloads/Pico/pico-sdk/lib/tinyusb/src/device/usbd.c.obj
 .rodata.i2c_set_baudrate.str1.4
                0x10008740       0x6a CMakeFiles/project.dir/Users/heinrich/Downloads/Pico/pico-sdk/src/rp2_common/hardware_i2c/i2c.c.obj
 .rodata.__func__.0
                0x10008740       0x11 CMakeFiles/project.dir/Users/heinrich/Downloads/Pico/pico-sdk/src/rp2_common/hardware_i2c/i2c.c.obj
                0x100087ac                        . = ALIGN (0x4)
 *fill*         0x10008751        0x3 
 *(SORT_BY_ALIGNMENT(SORT_BY_NAME(.flashdata*)))
                0x10008754                        . = ALIGN (0x4)

.ARM.extab
 *(.ARM.extab* .gnu.linkonce.armextab.*)
                0x10008754                        __exidx_start = .

.ARM.exidx
 *(.ARM.exidx* .gnu.linkonce.armexidx.*)
                0x10008754                        __exidx_end = .
                0x10008754                        . = ALIGN (0x4)
                0x10008754                        __binary_info_start = .

.binary_info    0x10008754       0x20
 *(.binary_info.keep.*)
 .binary_info.keep.__bi_ptr81
                0x10008754        0x4 CMakeFiles/project.dir/Users/heinrich/Downloads/Pico/pico-sdk/src/rp2_common/pico_standard_link/binary_info.c.obj
 .binary_info.keep.__bi_ptr75
                0x10008758        0x4 CMakeFiles/project.dir/Users/heinrich/Downloads/Pico/pico-sdk/src/rp2_common/pico_standard_link/binary_info.c.obj
 .binary_info.keep.__bi_ptr50
                0x1000875c        0x4 CMakeFiles/project.dir/Users/heinrich/Downloads/Pico/pico-sdk/src/rp2_common/pico_standard_link/binary_info.c.obj
 .binary_info.keep.__bi_ptr44
                0x10008760        0x4 CMakeFiles/project.dir/Users/heinrich/Downloads/Pico/pico-sdk/src/rp2_common/pico_standard_link/binary_info.c.obj
 .binary_info.keep.__bi_ptr38
                0x10008764        0x4 CMakeFiles/project.dir/Users/heinrich/Downloads/Pico/pico-sdk/src/rp2_common/pico_standard_link/binary_info.c.obj
 .binary_info.keep.__bi_ptr30
                0x10008768        0x4 CMakeFiles/project.dir/Users/heinrich/Downloads/Pico/pico-sdk/src/rp2_common/pico_standard_link/binary_info.c.obj
 .binary_info.keep.__bi_ptr22
                0x1000876c        0x4 CMakeFiles/project.dir/Users/heinrich/Downloads/Pico/pico-sdk/src/rp2_common/pico_standard_link/binary_info.c.obj
 *(.binary_info.*)
 .binary_info.__bi_ptr182
                0x10008770        0x4 CMakeFiles/project.dir/Users/heinrich/Downloads/Pico/pico-sdk/src/rp2_common/pico_stdio_usb/stdio_usb.c.obj
                0x10008774                        __binary_info_end = .

.rel.dyn        0x10008774        0x0
 .rel.iplt      0x10008774        0x0 /Applications/ArmGNUToolchain/13.2.Rel1/arm-none-eabi/bin/../lib/gcc/arm-none-eabi/13.2.1/thumb/v6-m/nofp/crtbegin.o
                0x10008774                        . = ALIGN (0x4)

.ram_vector_table
                0x20000000       0xc0
 *(.ram_vector_table)
 .ram_vector_table
                0x20000000       0xc0 CMakeFiles/project.dir/Users/heinrich/Downloads/Pico/pico-sdk/src/rp2_common/pico_runtime/runtime.c.obj
                0x20000000                ram_vector_table

.data           0x200000c0      0xb48 load address 0x10008774
                0x200000c0                        __data_start__ = .
 *(vtable)
 *(.time_critical*)
 .time_critical.mutex_try_enter
                0x200000c0       0x46 CMakeFiles/project.dir/Users/heinrich/Downloads/Pico/pico-sdk/src/common/pico_sync/mutex.c.obj
                0x200000c0                mutex_try_enter
 *fill*         0x20000106        0x2 
 .time_critical.mutex_enter_block_until
                0x20000108       0x8c CMakeFiles/project.dir/Users/heinrich/Downloads/Pico/pico-sdk/src/common/pico_sync/mutex.c.obj
                0x20000108                mutex_enter_block_until
 .time_critical.mutex_try_enter_block_until
                0x20000194       0x34 CMakeFiles/project.dir/Users/heinrich/Downloads/Pico/pico-sdk/src/common/pico_sync/mutex.c.obj
                0x20000194                mutex_try_enter_block_until
 .time_critical.mutex_enter_timeout_ms
                0x200001c8       0x1a CMakeFiles/project.dir/Users/heinrich/Downloads/Pico/pico-sdk/src/common/pico_sync/mutex.c.obj
                0x200001c8                mutex_enter_timeout_ms
 *fill*         0x200001e2        0x2 
 .time_critical.mutex_exit
                0x200001e4       0x4c CMakeFiles/project.dir/Users/heinrich/Downloads/Pico/pico-sdk/src/common/pico_sync/mutex.c.obj
                0x200001e4                mutex_exit
 .time_critical.flash_init_boot2_copyout
                0x20000230       0x30 CMakeFiles/project.dir/Users/heinrich/Downloads/Pico/pico-sdk/src/rp2_common/hardware_flash/flash.c.obj
 .time_critical.flash_enable_xip_via_boot2
                0x20000260        0xc CMakeFiles/project.dir/Users/heinrich/Downloads/Pico/pico-sdk/src/rp2_common/hardware_flash/flash.c.obj
 .time_critical.flash_cs_force
                0x2000026c       0x28 CMakeFiles/project.dir/Users/heinrich/Downloads/Pico/pico-sdk/src/rp2_common/hardware_flash/flash.c.obj
 .time_critical.flash_do_cmd
                0x20000294       0xd8 CMakeFiles/project.dir/Users/heinrich/Downloads/Pico/pico-sdk/src/rp2_common/hardware_flash/flash.c.obj
                0x20000294                flash_do_cmd
 .time_critical.reset_non_control_endpoints
                0x2000036c       0x40 CMakeFiles/project.dir/Users/heinrich/Downloads/Pico/pico-sdk/lib/tinyusb/src/portable/raspberrypi/rp2040/dcd_rp2040.c.obj
 .time_critical.hw_handle_buff_status
                0x200003ac       0xa4 CMakeFiles/project.dir/Users/heinrich/Downloads/Pico/pico-sdk/lib/tinyusb/src/portable/raspberrypi/rp2040/dcd_rp2040.c.obj
 .time_critical.dcd_rp2040_irq
                0x20000450      0x1b8 CMakeFiles/project.dir/Users/heinrich/Downloads/Pico/pico-sdk/lib/tinyusb/src/portable/raspberrypi/rp2040/dcd_rp2040.c.obj
 .time_critical.e15_is_bulkin_ep
                0x20000608       0x2c CMakeFiles/project.dir/Users/heinrich/Downloads/Pico/pico-sdk/lib/tinyusb/src/portable/raspberrypi/rp2040/rp2040_usb.c.obj
 .time_critical.e15_is_critical_frame_period
                0x20000634       0x30 CMakeFiles/project.dir/Users/heinrich/Downloads/Pico/pico-sdk/lib/tinyusb/src/portable/raspberrypi/rp2040/rp2040_usb.c.obj
 .time_critical.prepare_ep_buffer
                0x20000664       0x6c CMakeFiles/project.dir/Users/heinrich/Downloads/Pico/pico-sdk/lib/tinyusb/src/portable/raspberrypi/rp2040/rp2040_usb.c.obj
 .time_critical.sync_ep_buffer
                0x200006d0       0x7c CMakeFiles/project.dir/Users/heinrich/Downloads/Pico/pico-sdk/lib/tinyusb/src/portable/raspberrypi/rp2040/rp2040_usb.c.obj
 .time_critical._hw_endpoint_xfer_sync
                0x2000074c       0x28 CMakeFiles/project.dir/Users/heinrich/Downloads/Pico/pico-sdk/lib/tinyusb/src/portable/raspberrypi/rp2040/rp2040_usb.c.obj
 .time_critical.hw_endpoint_reset_transfer
                0x20000774        0xc CMakeFiles/project.dir/Users/heinrich/Downloads/Pico/pico-sdk/lib/tinyusb/src/portable/raspberrypi/rp2040/rp2040_usb.c.obj
                0x20000774                hw_endpoint_reset_transfer
 .time_critical._hw_endpoint_buffer_control_update32
                0x20000780       0x58 CMakeFiles/project.dir/Users/heinrich/Downloads/Pico/pico-sdk/lib/tinyusb/src/portable/raspberrypi/rp2040/rp2040_usb.c.obj
                0x20000780                _hw_endpoint_buffer_control_update32
 .time_critical.hw_endpoint_start_next_buffer
                0x200007d8       0x88 CMakeFiles/project.dir/Users/heinrich/Downloads/Pico/pico-sdk/lib/tinyusb/src/portable/raspberrypi/rp2040/rp2040_usb.c.obj
                0x200007d8                hw_endpoint_start_next_buffer
 .time_critical.hw_endpoint_xfer_continue
                0x20000860       0x50 CMakeFiles/project.dir/Users/heinrich/Downloads/Pico/pico-sdk/lib/tinyusb/src/portable/raspberrypi/rp2040/rp2040_usb.c.obj
                0x20000860                hw_endpoint_xfer_continue
 .time_critical.tinyusb
                0x200008b0      0x1ac CMakeFiles/project.dir/Users/heinrich/Downloads/Pico/pico-sdk/lib/tinyusb/src/device/usbd.c.obj
                0x200008b0                dcd_event_handler
 *(.text*)
 .text          0x20000a5c        0x4 /Applications/ArmGNUToolchain/13.2.Rel1/arm-none-eabi/bin/../lib/gcc/arm-none-eabi/13.2.1/thumb/v6-m/nofp/libgcc.a(_dvmd_tls.o)
                0x20000a5c                __aeabi_ldiv0
                0x20000a5c                __aeabi_idiv0
 .text.__stub   0x20000a60       0xa0 linker stubs
                0x20000b00                        . = ALIGN (0x4)
 *(.rodata*)
                0x20000b00                        . = ALIGN (0x4)
 *(.data*)
 .data.striped_spin_lock_num
                0x20000b00        0x1 CMakeFiles/project.dir/Users/heinrich/Downloads/Pico/pico-sdk/src/rp2_common/hardware_sync/sync.c.obj
 *fill*         0x20000b01        0x3 